{
  "type" : "struct",
  "fields" : [ {
    "name" : "event_timestamp",
    "type" : "timestamp",
    "nullable" : true,
    "metadata" : { }
  }, {
    "name" : "event_id",
    "type" : "string",
    "nullable" : true,
    "metadata" : { }
  }, {
    "name" : "event_name",
    "type" : "string",
    "nullable" : true,
    "metadata" : { }
  }, {
    "name" : "platform",
    "type" : "string",
    "nullable" : true,
    "metadata" : { }
  }, {
    "name" : "user_pseudo_id",
    "type" : "string",
    "nullable" : true,
    "metadata" : { }
  }, {
    "name" : "user_id",
    "type" : "string",
    "nullable" : true,
    "metadata" : { }
  }, {
    "name" : "item_id",
    "type" : "string",
    "nullable" : true,
    "metadata" : { }
  }, {
    "name" : "name",
    "type" : "string",
    "nullable" : true,
    "metadata" : { }
  }, {
    "name" : "brand",
    "type" : "string",
    "nullable" : true,
    "metadata" : { }
  }, {
    "name" : "currency",
    "type" : "string",
    "nullable" : true,
    "metadata" : { }
  }, {
    "name" : "price",
    "type" : "double",
    "nullable" : true,
    "metadata" : { }
  }, {
    "name" : "quantity",
    "type" : "double",
    "nullable" : true,
    "metadata" : { }
  }, {
    "name" : "creative_name",
    "type" : "string",
    "nullable" : true,
    "metadata" : { }
  }, {
    "name" : "creative_slot",
    "type" : "string",
    "nullable" : true,
    "metadata" : { }
  }, {
    "name" : "location_id",
    "type" : "string",
    "nullable" : true,
    "metadata" : { }
  }, {
    "name" : "category",
    "type" : "string",
    "nullable" : true,
    "metadata" : { }
  }, {
    "name" : "category2",
    "type" : "string",
    "nullable" : true,
    "metadata" : { }
  }, {
    "name" : "category3",
    "type" : "string",
    "nullable" : true,
    "metadata" : { }
  }, {
    "name" : "category4",
    "type" : "string",
    "nullable" : true,
    "metadata" : { }
  }, {
    "name" : "category5",
    "type" : "string",
    "nullable" : true,
    "metadata" : { }
  }, {
    "name" : "custom_parameters_json_str",
    "type" : "string",
    "nullable" : true,
    "metadata" : { }
  }, {
    "name" : "custom_parameters",
    "type" : {
      "type" : "map",
      "keyType" : "string",
      "valueType" : {
        "type" : "struct",
        "fields" : [ {
          "name" : "value",
          "type" : "string",
          "nullable" : true,
          "metadata" : { }
        }, {
          "name" : "type",
          "type" : "string",
          "nullable" : true,
          "metadata" : { }
        } ]
      },
      "valueContainsNull" : true
    },
    "nullable" : true,
    "metadata" : { }
  }, {
    "name" : "process_info",
    "type" : {
      "type" : "map",
      "keyType" : "string",
      "valueType" : "string",
      "valueContainsNull" : true
    },
    "nullable" : true,
    "metadata" : { }
  }, {
    "name" : "created_time",
    "type" : "timestamp",
    "nullable" : true,
    "metadata" : { }
  }, {
    "name" : "partition_app",
    "type" : "string",
    "nullable" : true,
    "metadata" : { }
  }, {
    "name" : "partition_year",
    "type" : "integer",
    "nullable" : true,
    "metadata" : { }
  }, {
    "name" : "partition_month",
    "type" : "integer",
    "nullable" : true,
    "metadata" : { }
  }, {
    "name" : "partition_day",
    "type" : "integer",
    "nullable" : true,
    "metadata" : { }
  } ]
}