{
  "event_timestamp" : "2023-04-24 06:51:49",
  "user_pseudo_id" : "83e45133-ddaf-4ac6-9844-fe457807715198-83e45133-ddaf-4ac6-9844-fe457807715198-83e45133-ddaf-4ac6-9844-fe457807715198-83e45133-ddaf-4ac6-9844-fe457807715198-83e45133-ddaf-4ac6-9844-fe457807715198-83e45133-ddaf-4ac6-9844-fe457807715198-83e45133-ddaf-4ac6-98",
  "user_id" : "_user_id_user_id_user_id312121-312121312121312121312121312121312121312121312121312121312121312121312121312121312121312121312121312121-3121213121213121213121213121213121213121213121213121213121213121213121213121213121213121213121213121213121213121213121213",
  "user_properties" : {
    "_user_age" : {
      "value" : "20",
      "type" : "number",
      "set_time_msec" : 1667877566697
    },
    "_user_first_touch_timestamp" : {
      "value" : "1667877267895",
      "type" : "number",
      "set_time_msec" : 1667877566697
    },
    "_user_id" : {
      "value" : "_user_id_user_id_user_id312121-312121312121312121312121312121312121312121312121312121312121312121312121312121312121312121312121312121-312121312121312121312121312121312121312121312121312121312121312121312121312121312121312121312121312121312121312121312121312121312121312121312121312121312121312121312121312121312121312121312121312121312121312121312121312121312121312121312121312121312121312121312121312121312121312121312121312121312121312121312121312121312121312121312121312121312121312121312121312121312121312121312121312121312121312121312121312121312121312121312121312121312121312121312121312121312121312121312121312121312121312121312121312121312121312121312121312121312121312121312121312121312121312121312121312121312121312121312121312121312121312121312121312121312121312121312121312121312121312121312121312121312121312121312121312121312121312121",
      "type" : "string",
      "set_time_msec" : 1667877566697
    },
    "_user_ltv_currency" : {
      "value" : "USD",
      "type" : "string",
      "set_time_msec" : 1667877566697
    },
    "_user_ltv_revenue" : {
      "value" : "123.45",
      "type" : "number",
      "set_time_msec" : 1667877566697
    },
    "_user_name" : {
      "value" : "_user_name_user_name_user_name_user_name_user_name_user_name_user_name_user_name_user_nameexample",
      "type" : "string",
      "set_time_msec" : 1667877566697
    }
  },
  "user_properties_json_str" : "{\"_user_ltv_revenue\":{\"set_time_msec\":1667877566697,\"value\":123.45},\"_user_first_touch_timestamp\":{\"set_time_msec\":1667877566697,\"value\":1667877267895},\"_user_ltv_currency\":{\"set_time_msec\":1667877566697,\"value\":\"USD\"},\"_user_id\":{\"set_time_msec\":1667877566697,\"value\":\"_user_id_user_id_user_id312121-312121312121312121312121312121312121312121312121312121312121312121312121312121312121312121312121312121-312121312121312121312121312121312121312121312121312121312121312121312121312121312121312121312121312121312121312121312121312121312121312121312121312121312121312121312121312121312121312121312121312121312121312121312121312121312121312121312121312121312121312121312121312121312121312121312121312121312121312121312121312121312121312121312121312121312121312121312121312121312121312121312121312121312121312121312121312121312121312121312121312121312121312121312121312121312121312121312121312121312121312121312121312121312121312121312121312121312121312121312121312121312121312121312121312121312121312121312121312121312121312121312121312121312121312121312121312121312121312121312121312121312121312121312121312121312121312121\"},\"_user_name\":{\"set_time_msec\":1667877566697,\"value\":\"_user_name_user_name_user_name_user_name_user_name_user_name_user_name_user_name_user_nameexample\"},\"_user_age\":{\"set_time_msec\":1667877566697,\"value\":20}}",
  "first_touch_time_msec" : null,
  "first_visit_date" : null,
  "first_referrer" : null,
  "first_traffic_source" : null,
  "first_traffic_medium" : null,
  "first_traffic_campaign" : null,
  "first_traffic_content" : null,
  "first_traffic_term" : null,
  "first_traffic_campaign_id" : null,
  "first_traffic_clid_platform" : null,
  "first_traffic_clid" : null,
  "first_traffic_channel_group" : null,
  "first_traffic_category" : null,
  "first_app_install_source" : null,
  "process_info" : {
    "first_event_name" : null,
    "latest_event_name" : "_profile_set",
    "process_job_id" : "test-job",
    "process_time" : "_PROCESS_TIME_"
  },
  "app_id" : "maxLenTestItemUser",
  "event_name" : null,
  "created_time" : "_CREATED_TIME_"
}