{
  "event_timestamp" : "2023-04-24 07:08:29",
  "user_pseudo_id" : "unique_id_iOS_1",
  "session_id" : "see000201912dk-23u92-1df0020",
  "user_id" : "user_id_iOS_1",
  "session_number" : null,
  "session_start_time_msec" : 1667964966697,
  "session_source" : "utm-source-1",
  "session_medium" : "utm-medium-1",
  "session_campaign" : "utm-campaign-1",
  "session_content" : "utm-content-1",
  "session_term" : "utm-term-1",
  "session_campaign_id" : "utm-id-1",
  "session_clid_platform" : "utm-source-platform-1",
  "session_clid" : "{\"type\":\"gclid\",\"value\":\"gclid-1\"}",
  "session_channel_group" : "Referral",
  "session_source_category" : "Unassigned",
  "process_info" : {
    "event_name" : "_user_engagement",
    "event_timestamp_adjusted" : "true",
    "event_timestamp_adjusted_from" : "1682319109442",
    "event_timestamp_adjusted_reason" : "ingestTimestamp is 1000000 millis ahead of uploadTimestamp, isFutureEvent: false",
    "event_timestamp_adjusted_to" : "1682320109442",
    "ingest_time" : "2023-04-24T06:51:49.102Z",
    "input_file_name" : "_TEST_INPUT_FILE_NAME_",
    "process_job_id" : "test-job",
    "process_time" : "_PROCESS_TIME_",
    "rid" : "07157da84281bb7234ba6f8613df7d32",
    "source_ip" : "13.212.229.59",
    "upload_time" : "2023-04-24T06:35:09.102Z"
  },
  "app_id" : "uba-app",
  "created_time" : "_CREATED_TIME_"
}