{
  "event_timestamp" : "2023-08-29 04:04:25",
  "user_pseudo_id" : "rzKifeYdYvmoWzeYcdcv9CyGY9NAPpL4vm7QxoxTPnM=.1690769179",
  "user_id" : "0eb41e46-2373-4883-8daf-e1975ccb3821",
  "user_properties" : {
    "age" : {
      "value" : "0",
      "type" : "number",
      "set_time_msec" : null
    },
    "email" : {
      "value" : "yxxxxn@example.com",
      "type" : "string",
      "set_time_msec" : null
    },
    "firstName" : {
      "value" : "",
      "type" : "string",
      "set_time_msec" : null
    },
    "gender" : {
      "value" : "",
      "type" : "string",
      "set_time_msec" : null
    },
    "lastName" : {
      "value" : "",
      "type" : "string",
      "set_time_msec" : null
    },
    "persona" : {
      "value" : "",
      "type" : "string",
      "set_time_msec" : null
    },
    "user_id" : {
      "value" : "0eb41e46-2373-4883-8daf-e1975ccb3821",
      "type" : "string",
      "set_time_msec" : null
    },
    "username" : {
      "value" : "NameL2",
      "type" : "string",
      "set_time_msec" : null
    }
  },
  "user_properties_json_str" : "{\"firstName\":{\"set_time_msec\":null,\"value\":\"\"},\"lastName\":{\"set_time_msec\":null,\"value\":\"\"},\"persona\":{\"set_time_msec\":null,\"value\":\"\"},\"gender\":{\"set_time_msec\":null,\"value\":\"\"},\"user_id\":{\"set_time_msec\":null,\"value\":\"0eb41e46-2373-4883-8daf-e1975ccb3821\"},\"email\":{\"set_time_msec\":null,\"value\":\"yxxxxn@example.com\"},\"age\":{\"set_time_msec\":null,\"value\":0},\"username\":{\"set_time_msec\":null,\"value\":\"NameL2\"}}",
  "first_touch_time_msec" : 1691481796000,
  "first_visit_date" : "2023-08-08",
  "first_referrer" : "https://tagassistant.google.com/",
  "first_traffic_source" : "tagassistant.google.com",
  "first_traffic_medium" : "(Referral)",
  "first_traffic_campaign" : null,
  "first_traffic_content" : null,
  "first_traffic_term" : null,
  "first_traffic_campaign_id" : null,
  "first_traffic_clid_platform" : null,
  "first_traffic_clid" : null,
  "first_traffic_channel_group" : "Unassigned",
  "first_traffic_category" : "Referral",
  "first_app_install_source" : null,
  "process_info" : {
    "process_job_id" : "test-job",
    "process_time" : "_PROCESS_TIME_"
  },
  "app_id" : "testAllAppId1",
  "event_name" : null,
  "created_time" : "_CREATED_TIME_"
}