{
  "appId" : "example_clickstream_analytics_aws",
  "compression" : null,
  "data" : "[{\"event_name\":\"select_item\",\"items\":[{\"item_id\":\"CTF-28015231-16005642\",\"item_name\":\"Apple Watch Metallic Impact Case with Screen Protector 49mm - Orange\",\"price\":35.6638714628,\"item_list_name\":\"\"}],\"item_id\":\"CTF-28015231-16005642\",\"engagement_time_msec\":7549,\"x-ga-protocol_version\":\"2\",\"x-ga-measurement_id\":\"G-000000002\",\"x-ga-gtm_version\":\"45je39i0\",\"x-ga-page_id\":1061079922,\"client_id\":\"oEzstqb1SUkULygCXFzTFuOZPnG9GItyNJIo8t9tCi0=.1695261066\",\"language\":\"zh-tw\",\"screen_resolution\":\"1920x1200\",\"x-ga-ur\":\"HK\",\"client_hints\":{\"architecture\":\"x86\",\"bitness\":\"64\",\"full_version_list\":[{\"brand\":\"Chromium\",\"version\":\"116.0.5845.188\"},{\"brand\":\"Not)A;Brand\",\"version\":\"24.0.0.0\"},{\"brand\":\"Google Chrome\",\"version\":\"116.0.5845.188\"}],\"mobile\":false,\"model\":\"\",\"platform\":\"Windows\",\"platform_version\":\"10.0.0\",\"wow64\":false,\"brands\":[{\"brand\":\"Chromium\",\"version\":\"116\"},{\"brand\":\"Not)A;Brand\",\"version\":\"24\"},{\"brand\":\"Google Chrome\",\"version\":\"116\"}]},\"x-ga-mp2-are\":\"1\",\"x-sst-system_properties\":{\"uc\":\"HK\",\"gse\":\"1\",\"etld\":\"google.com.hk\",\"tft\":\"1695261251390\",\"request_start_time_ms\":1695261261382},\"ga_session_id\":\"1695261065\",\"ga_session_number\":1,\"x-ga-mp2-seg\":\"1\",\"page_location\":\"https://www.example.com/gadgets/apple-watch-case?DG=Accessories&D_Accessories=Apple+Watch+Case\",\"page_referrer\":\"https://www.example.com/iphone-cases/iphone-15-pro-max-cases?page=2\",\"page_title\":\"Apple Watch保護殼 – example\",\"x-ga-request_count\":4,\"x-ga-tfd\":10527,\"ip_override\":\"72.255.244.237\",\"user_agent\":\"Mozilla/5.0 (Windows NT 10.0; Win64; x64) AppleWebKit/537.36 (KHTML, like Gecko) Chrome/116.0.0.0 Safari/537.36\",\"x-ga-js_client_id\":\"1257382463.1695261066\"}]",
  "date" : "2023-09-21T01:54:21+00:00",
  "fakeIp" : null,
  "ingest_time" : 1695261266828,
  "ip" : "34.236.7.28",
  "method" : "POST",
  "path" : "/collect",
  "platform" : null,
  "rid" : "25aefd4cb653fd0fcbac33e24fd3f0ba",
  "server_ingest_time" : 1695261261000,
  "source_type" : "http_server",
  "timestamp" : "2023-09-21T01:54:21.386464853Z",
  "ua" : null,
  "uri" : "/collect?appId=example_clickstream_analytics_aws",
  "input_file_name" : "_TEST_INPUT_FILE_NAME_",
  "dataOut" : {
    "_corrupt_record" : null,
    "events" : [ {
      "event_timestamp" : "2023-09-21 01:54:26",
      "event_id" : "25aefd4cb653fd0fcbac33e24fd3f0ba-0-1695261065-1",
      "event_time_msec" : 1695261266828,
      "event_name" : "select_item",
      "event_value" : 0.0,
      "event_value_currency" : null,
      "event_bundle_sequence_id" : null,
      "ingest_time_msec" : 1695261266828,
      "device_mobile_brand_name" : "Chromium",
      "device_mobile_model_name" : "",
      "device_manufacturer" : null,
      "device_carrier" : null,
      "device_network_type" : null,
      "device_operating_system" : "Windows",
      "device_operating_system_version" : "10.0.0",
      "device_vendor_id" : null,
      "device_advertising_id" : null,
      "device_system_language" : "zh-tw",
      "device_time_zone_offset_seconds" : null,
      "device_ua_browser" : "Google Chrome",
      "device_ua_browser_version" : "116.0.5845.188",
      "device_ua_os" : "Windows",
      "device_ua_os_version" : "10.0.0",
      "device_ua_device" : null,
      "device_ua_device_category" : null,
      "device_ua" : {
        "string" : "Mozilla/5.0 (Windows NT 10.0; Win64; x64) AppleWebKit/537.36 (KHTML, like Gecko) Chrome/116.0.0.0 Safari/537.36"
      },
      "device_screen_width" : 1920,
      "device_screen_height" : 1200,
      "device_viewport_width" : null,
      "device_viewport_height" : null,
      "geo_continent" : null,
      "geo_sub_continent" : null,
      "geo_country" : "HK",
      "geo_region" : "HK",
      "geo_metro" : null,
      "geo_city" : null,
      "geo_locale" : null,
      "traffic_source_source" : "Direct",
      "traffic_source_medium" : "None",
      "traffic_source_campaign" : "Direct",
      "traffic_source_content" : null,
      "traffic_source_term" : null,
      "traffic_source_campaign_id" : null,
      "traffic_source_clid_platform" : null,
      "traffic_source_clid" : null,
      "traffic_source_channel_group" : "Internal",
      "traffic_source_category" : "Direct",
      "user_first_touch_time_msec" : null,
      "app_package_id" : null,
      "app_version" : null,
      "app_title" : null,
      "app_install_source" : null,
      "platform" : "Windows",
      "project_id" : "test_project_id_gtm_server",
      "app_id" : "example_clickstream_analytics_aws",
      "screen_view_screen_name" : null,
      "screen_view_screen_id" : null,
      "screen_view_screen_unique_id" : null,
      "screen_view_previous_screen_name" : null,
      "screen_view_previous_screen_id" : null,
      "screen_view_previous_screen_unique_id" : null,
      "screen_view_previous_time_msec" : null,
      "screen_view_engagement_time_msec" : null,
      "screen_view_entrances" : null,
      "page_view_page_referrer" : "https://www.example.com/iphone-cases/iphone-15-pro-max-cases?page=2",
      "page_view_page_referrer_title" : null,
      "page_view_previous_time_msec" : null,
      "page_view_engagement_time_msec" : null,
      "page_view_page_title" : "Apple Watch保護殼 – example",
      "page_view_page_url" : "https://www.example.com/gadgets/apple-watch-case?DG=Accessories&D_Accessories=Apple Watch Case",
      "page_view_page_url_path" : "/gadgets/apple-watch-case",
      "page_view_page_url_query_parameters" : {
        "DG" : "Accessories",
        "D_Accessories" : "Apple Watch Case"
      },
      "page_view_hostname" : "www.example.com",
      "page_view_latest_referrer" : null,
      "page_view_latest_referrer_host" : null,
      "page_view_entrances" : null,
      "app_start_is_first_time" : null,
      "upgrade_previous_app_version" : null,
      "upgrade_previous_os_version" : null,
      "search_key" : null,
      "search_term" : null,
      "outbound_link_classes" : null,
      "outbound_link_domain" : null,
      "outbound_link_id" : null,
      "outbound_link_url" : null,
      "outbound_link" : null,
      "user_engagement_time_msec" : 7549,
      "user_id" : null,
      "user_pseudo_id" : "oEzstqb1SUkULygCXFzTFuOZPnG9GItyNJIo8t9tCi0=.1695261066",
      "session_id" : "1695261065",
      "session_start_time_msec" : 1695261261382,
      "session_duration" : null,
      "session_number" : 1,
      "scroll_engagement_time_msec" : null,
      "sdk_error_code" : null,
      "sdk_error_message" : null,
      "sdk_version" : null,
      "sdk_name" : null,
      "app_exception_message" : null,
      "app_exception_stack" : null,
      "custom_parameters_json_str" : "{\"x-sst-system_properties\":{\"uc\":\"HK\",\"ngs\":null,\"gse\":\"1\",\"gcd\":null,\"tft\":1695261251390,\"consent\":null,\"request_start_time_ms\":1695261261382,\"etld\":\"google.com.hk\"},\"x-ga-tfd\":10527,\"screen_resolution\":\"1920x1200\",\"x-ga-page_id\":1061079922,\"client_id\":\"oEzstqb1SUkULygCXFzTFuOZPnG9GItyNJIo8t9tCi0=.1695261066\",\"ip_override\":\"72.255.244.237\",\"client_hints\":{\"architecture\":\"x86\",\"bitness\":\"64\",\"full_version_list\":[{\"brand\":\"Chromium\",\"version\":\"116.0.5845.188\"},{\"brand\":\"Not)A;Brand\",\"version\":\"24.0.0.0\"},{\"brand\":\"Google Chrome\",\"version\":\"116.0.5845.188\"}],\"mobile\":false,\"model\":\"\",\"platform\":\"Windows\",\"platform_version\":\"10.0.0\",\"wow64\":false,\"brands\":[{\"brand\":\"Chromium\",\"version\":\"116\"},{\"brand\":\"Not)A;Brand\",\"version\":\"24\"},{\"brand\":\"Google Chrome\",\"version\":\"116\"}]},\"x-ga-ur\":\"HK\",\"x-ga-protocol_version\":\"2\",\"x-ga-gtm_version\":\"45je39i0\",\"x-ga-mp2-are\":\"1\",\"x-ga-mp2-seg\":\"1\",\"x-ga-js_client_id\":\"1257382463.1695261066\",\"user_agent\":\"Mozilla/5.0 (Windows NT 10.0; Win64; x64) AppleWebKit/537.36 (KHTML, like Gecko) Chrome/116.0.0.0 Safari/537.36\",\"x-ga-measurement_id\":\"G-000000002\",\"x-ga-request_count\":4}",
      "custom_parameters" : {
        "client_hints" : {
          "value" : "{\"architecture\":\"x86\",\"bitness\":\"64\",\"full_version_list\":[{\"brand\":\"Chromium\",\"version\":\"116.0.5845.188\"},{\"brand\":\"Not)A;Brand\",\"version\":\"24.0.0.0\"},{\"brand\":\"Google Chrome\",\"version\":\"116.0.5845.188\"}],\"mobile\":false,\"model\":\"\",\"platform\":\"Windows\",\"platform_version\":\"10.0.0\",\"wow64\":false,\"brands\":[{\"brand\":\"Chromium\",\"version\":\"116\"},{\"brand\":\"Not)A;Brand\",\"version\":\"24\"},{\"brand\":\"Google Chrome\",\"version\":\"116\"}]}",
          "type" : "object"
        },
        "client_id" : {
          "value" : "oEzstqb1SUkULygCXFzTFuOZPnG9GItyNJIo8t9tCi0=.1695261066",
          "type" : "string"
        },
        "ip_override" : {
          "value" : "72.255.244.237",
          "type" : "string"
        },
        "screen_resolution" : {
          "value" : "1920x1200",
          "type" : "string"
        },
        "user_agent" : {
          "value" : "Mozilla/5.0 (Windows NT 10.0; Win64; x64) AppleWebKit/537.36 (KHTML, like Gecko) Chrome/116.0.0.0 Safari/537.36",
          "type" : "string"
        },
        "x-ga-gtm_version" : {
          "value" : "45je39i0",
          "type" : "string"
        },
        "x-ga-js_client_id" : {
          "value" : "1257382463.1695261066",
          "type" : "string"
        },
        "x-ga-measurement_id" : {
          "value" : "G-000000002",
          "type" : "string"
        },
        "x-ga-mp2-are" : {
          "value" : "1",
          "type" : "string"
        },
        "x-ga-mp2-seg" : {
          "value" : "1",
          "type" : "string"
        },
        "x-ga-page_id" : {
          "value" : "1061079922",
          "type" : "number"
        },
        "x-ga-protocol_version" : {
          "value" : "2",
          "type" : "string"
        },
        "x-ga-request_count" : {
          "value" : "4",
          "type" : "number"
        },
        "x-ga-tfd" : {
          "value" : "10527",
          "type" : "number"
        },
        "x-ga-ur" : {
          "value" : "HK",
          "type" : "string"
        },
        "x-sst-system_properties" : {
          "value" : "{\"uc\":\"HK\",\"ngs\":null,\"gse\":\"1\",\"gcd\":null,\"tft\":1695261251390,\"consent\":null,\"request_start_time_ms\":1695261261382,\"etld\":\"google.com.hk\"}",
          "type" : "object"
        }
      },
      "process_info" : {
        "ingest_time" : "2023-09-21T01:54:26.828Z",
        "input_file_name" : "_TEST_INPUT_FILE_NAME_",
        "rid" : "25aefd4cb653fd0fcbac33e24fd3f0ba"
      },
      "ua" : "Mozilla/5.0 (Windows NT 10.0; Win64; x64) AppleWebKit/537.36 (KHTML, like Gecko) Chrome/116.0.0.0 Safari/537.36",
      "ip" : "72.255.244.237"
    } ],
    "user" : {
      "event_timestamp" : "2023-09-21 01:54:26",
      "user_pseudo_id" : "oEzstqb1SUkULygCXFzTFuOZPnG9GItyNJIo8t9tCi0=.1695261066",
      "user_id" : null,
      "user_properties" : null,
      "user_properties_json_str" : null,
      "first_touch_time_msec" : 1695261261382,
      "first_visit_date" : "2023-09-21",
      "first_referrer" : "https://www.example.com/iphone-cases/iphone-15-pro-max-cases?page=2",
      "first_traffic_source" : "Direct",
      "first_traffic_medium" : "None",
      "first_traffic_campaign" : "Direct",
      "first_traffic_content" : null,
      "first_traffic_term" : null,
      "first_traffic_campaign_id" : null,
      "first_traffic_clid_platform" : null,
      "first_traffic_clid" : null,
      "first_traffic_channel_group" : "Internal",
      "first_traffic_category" : "Direct",
      "first_app_install_source" : null,
      "process_info" : null,
      "app_id" : "example_clickstream_analytics_aws",
      "event_name" : "select_item"
    },
    "items" : [ {
      "event_timestamp" : "2023-09-21 01:54:26",
      "event_id" : "25aefd4cb653fd0fcbac33e24fd3f0ba-0-1695261065-1",
      "event_name" : "select_item",
      "platform" : "Windows",
      "user_pseudo_id" : "oEzstqb1SUkULygCXFzTFuOZPnG9GItyNJIo8t9tCi0=.1695261066",
      "user_id" : null,
      "item_id" : "CTF-28015231-16005642",
      "name" : "Apple Watch Metallic Impact Case with Screen Protector 49mm - Orange",
      "brand" : null,
      "currency" : null,
      "price" : 35.6638714628,
      "quantity" : null,
      "creative_name" : null,
      "creative_slot" : null,
      "location_id" : null,
      "category" : null,
      "category2" : null,
      "category3" : null,
      "category4" : null,
      "category5" : null,
      "custom_parameters_json_str" : null,
      "custom_parameters" : null,
      "process_info" : null,
      "app_id" : "example_clickstream_analytics_aws"
    } ]
  }
}