{
  "app_id" : "GMTServerLogin",
  "event_date" : "2023-08-29",
  "event_timestamp" : 1693281865635,
  "user_id" : "0eb41e46-2373-4883-8daf-e1975ccb3821",
  "user_pseudo_id" : "rzKifeYdYvmoWzeYcdcv9CyGY9NAPpL4vm7QxoxTPnM=.1690769179",
  "user_first_touch_timestamp" : 1693281865635,
  "user_properties" : [ {
    "key" : "_user_id",
    "value" : {
      "double_value" : null,
      "float_value" : null,
      "int_value" : null,
      "string_value" : "0eb41e46-2373-4883-8daf-e1975ccb3821",
      "set_timestamp_micros" : null
    }
  }, {
    "key" : "username",
    "value" : {
      "double_value" : null,
      "float_value" : null,
      "int_value" : null,
      "string_value" : "NameL2",
      "set_timestamp_micros" : null
    }
  }, {
    "key" : "email",
    "value" : {
      "double_value" : null,
      "float_value" : null,
      "int_value" : null,
      "string_value" : "yxxxxn@example.com",
      "set_timestamp_micros" : null
    }
  }, {
    "key" : "firstName",
    "value" : {
      "double_value" : null,
      "float_value" : null,
      "int_value" : null,
      "string_value" : "LoginName",
      "set_timestamp_micros" : null
    }
  }, {
    "key" : "lastName",
    "value" : {
      "double_value" : null,
      "float_value" : null,
      "int_value" : null,
      "string_value" : "LoginTest",
      "set_timestamp_micros" : null
    }
  }, {
    "key" : "gender",
    "value" : {
      "double_value" : null,
      "float_value" : null,
      "int_value" : null,
      "string_value" : "M",
      "set_timestamp_micros" : null
    }
  }, {
    "key" : "age",
    "value" : {
      "double_value" : null,
      "float_value" : null,
      "int_value" : 19,
      "string_value" : null,
      "set_timestamp_micros" : null
    }
  }, {
    "key" : "persona",
    "value" : {
      "double_value" : null,
      "float_value" : null,
      "int_value" : null,
      "string_value" : "",
      "set_timestamp_micros" : null
    }
  } ],
  "user_ltv" : null,
  "_first_visit_date" : "2023-08-29",
  "_first_referer" : null,
  "_first_traffic_source_type" : null,
  "_first_traffic_medium" : null,
  "_first_traffic_source" : null,
  "device_id_list" : null,
  "_channel" : null
}