{
  "app_info" : {
    "app_id" : "testAllAppId1",
    "id" : "G-000000001",
    "sdk_name" : "GTM",
    "version" : "45je3820"
  },
  "device" : {
    "mobile_brand_name" : "Not/A)Brand|Microsoft Edge|Chromium",
    "operating_system" : "\"macOS\"",
    "operating_system_version" : null,
    "screen_height" : 1440,
    "screen_width" : 3440,
    "system_language" : "en-us",
    "ua_browser" : "Edge",
    "ua_browser_version" : "115.115.1901",
    "ua_device" : "Mac",
    "ua_os" : "Mac OS X",
    "ua_os_version" : "10.10.7",
    "vendor_id" : "rzKifeYdYvmoWzeYcdcv9CyGY9NAPpL4vm7QxoxTPnM=.1690769179"
  },
  "event_date" : "2023-08-08",
  "event_id" : "7da14049fe2aca7ea98c9f4b2b3c6f4a-0-1691480516-0",
  "event_name" : "_page_view",
  "event_timestamp" : 1691481796000,
  "geo" : {
    "city" : "Ashburn",
    "continent" : "North America",
    "country" : "United States"
  },
  "ingest_timestamp" : 1691481796000,
  "items" : [ ],
  "platform" : "\"macOS\"",
  "project_id" : "test_project_id_01",
  "user_id" : null,
  "user_pseudo_id" : "rzKifeYdYvmoWzeYcdcv9CyGY9NAPpL4vm7QxoxTPnM=.1690769179",
  "partition_app" : "testAllAppId1",
  "partition_year" : 2023,
  "partition_month" : 8,
  "partition_day" : 8
}