{
  "app_id" : "testAllAppId1",
  "created_time" : "_CREATED_TIME_",
  "custom_parameters" : {
    "Channel" : {
      "type" : "string",
      "value" : "Server"
    },
    "TestBy" : {
      "type" : "string",
      "value" : "NameL"
    },
    "Text" : null,
    "Url" : null,
    "age" : {
      "type" : "number",
      "value" : "0"
    },
    "class" : null,
    "client_hints" : {
      "type" : "object",
      "value" : "{\"architecture\":null,\"bitness\":null,\"full_version_list\":null,\"mobile\":false,\"model\":null,\"platform\":\"\\\"macOS\\\"\",\"platform_version\":null,\"wow64\":false,\"brands\":[{\"brand\":\"Chromium\",\"version\":\"116\"},{\"brand\":\"Not)A;Brand\",\"version\":\"24\"},{\"brand\":\"Microsoft Edge\",\"version\":\"116\"}]}"
    },
    "client_id" : {
      "type" : "string",
      "value" : "rzKifeYdYvmoWzeYcdcv9CyGY9NAPpL4vm7QxoxTPnM=.1690769179"
    },
    "dataset" : null,
    "email" : {
      "type" : "string",
      "value" : "yxxxxn@example.com"
    },
    "event_category" : null,
    "event_location" : null,
    "firstName" : {
      "type" : "string",
      "value" : ""
    },
    "gender" : {
      "type" : "string",
      "value" : ""
    },
    "id" : null,
    "ip_override" : {
      "type" : "string",
      "value" : "72.21.198.67"
    },
    "lastName" : {
      "type" : "string",
      "value" : ""
    },
    "optimizelyExp" : null,
    "origin" : {
      "type" : "string",
      "value" : "firebase"
    },
    "persona" : {
      "type" : "string",
      "value" : ""
    },
    "screen_resolution" : {
      "type" : "string",
      "value" : "3440x1440"
    },
    "user_agent" : {
      "type" : "string",
      "value" : "Mozilla/5.0 (Macintosh; Intel Mac OS X 10_15_7) AppleWebKit/537.36 (KHTML, like Gecko) Chrome/116.0.0.0 Safari/537.36 Edg/116.0.1938.62"
    },
    "username" : {
      "type" : "string",
      "value" : "NameL2"
    },
    "x-ga-dma" : null,
    "x-ga-gtm_version" : {
      "type" : "string",
      "value" : "45je38n0"
    },
    "x-ga-js_client_id" : {
      "type" : "string",
      "value" : "807802863.1690769179"
    },
    "x-ga-measurement_id" : {
      "type" : "string",
      "value" : "G-000000003"
    },
    "x-ga-mp2-are" : null,
    "x-ga-mp2-gcd" : null,
    "x-ga-mp2-seg" : {
      "type" : "string",
      "value" : "1"
    },
    "x-ga-mp2-user_properties" : {
      "type" : "object",
      "value" : "{\"_user_id\":\"0eb41e46-2373-4883-8daf-e1975ccb3821\",\"username\":\"NameL2\",\"email\":\"yxxxxn@example.com\",\"firstName\":\"\",\"lastName\":\"\",\"gender\":\"\",\"age\":0,\"persona\":\"\"}"
    },
    "x-ga-page_id" : {
      "type" : "number",
      "value" : "1304853089"
    },
    "x-ga-protocol_version" : {
      "type" : "string",
      "value" : "2"
    },
    "x-ga-request_count" : {
      "type" : "number",
      "value" : "7"
    },
    "x-ga-system_properties" : {
      "type" : "object",
      "value" : "{\"dbg\":null,\"fid\":\"fEj96vkOHt5jN-csBLEy_A\",\"ee\":true,\"fv\":null,\"ss\":null}"
    },
    "x-ga-tfd" : null,
    "x-ga-ur" : null,
    "x-sst-system_properties" : {
      "type" : "object",
      "value" : "{\"uc\":\"SG\",\"ngs\":\"1\",\"gse\":null,\"gcd\":null,\"tft\":0,\"consent\":null,\"request_start_time_ms\":1693281865635,\"etld\":\"google.com.sg\"}"
    }
  },
  "custom_parameters_json_str" : "{\"lastName\":\"\",\"gender\":\"\",\"origin\":\"firebase\",\"client_id\":\"rzKifeYdYvmoWzeYcdcv9CyGY9NAPpL4vm7QxoxTPnM=.1690769179\",\"ip_override\":\"72.21.198.67\",\"email\":\"yxxxxn@example.com\",\"user_agent\":\"Mozilla/5.0 (Macintosh; Intel Mac OS X 10_15_7) AppleWebKit/537.36 (KHTML, like Gecko) Chrome/116.0.0.0 Safari/537.36 Edg/116.0.1938.62\",\"x-ga-measurement_id\":\"G-000000003\",\"x-ga-request_count\":7,\"x-sst-system_properties\":{\"uc\":\"SG\",\"ngs\":\"1\",\"gse\":null,\"gcd\":null,\"tft\":0,\"consent\":null,\"request_start_time_ms\":1693281865635,\"etld\":\"google.com.sg\"},\"persona\":\"\",\"Channel\":\"Server\",\"screen_resolution\":\"3440x1440\",\"x-ga-page_id\":1304853089,\"x-ga-system_properties\":{\"dbg\":null,\"fid\":\"fEj96vkOHt5jN-csBLEy_A\",\"ee\":true,\"fv\":null,\"ss\":null},\"firstName\":\"\",\"client_hints\":{\"architecture\":null,\"bitness\":null,\"full_version_list\":null,\"mobile\":false,\"model\":null,\"platform\":\"\\\"macOS\\\"\",\"platform_version\":null,\"wow64\":false,\"brands\":[{\"brand\":\"Chromium\",\"version\":\"116\"},{\"brand\":\"Not)A;Brand\",\"version\":\"24\"},{\"brand\":\"Microsoft Edge\",\"version\":\"116\"}]},\"x-ga-mp2-user_properties\":{\"_user_id\":\"0eb41e46-2373-4883-8daf-e1975ccb3821\",\"username\":\"NameL2\",\"email\":\"yxxxxn@example.com\",\"firstName\":\"\",\"lastName\":\"\",\"gender\":\"\",\"age\":0,\"persona\":\"\"},\"TestBy\":\"NameL\",\"x-ga-protocol_version\":\"2\",\"x-ga-gtm_version\":\"45je38n0\",\"x-ga-mp2-seg\":\"1\",\"x-ga-js_client_id\":\"807802863.1690769179\",\"age\":0,\"username\":\"NameL2\"}",
  "device_mobile_brand_name" : "Chromium",
  "device_mobile_model_name" : null,
  "device_operating_system" : "\"macOS\"",
  "device_operating_system_version" : null,
  "device_screen_height" : 1440,
  "device_screen_width" : 3440,
  "device_system_language" : "en-us",
  "device_ua" : {
    "device" : "{\"family\":\"Mac\"}",
    "os" : "{\"family\":\"Mac OS X\",\"major\":\"10\",\"minor\":\"15\",\"patch\":\"7\",\"patchMinor\":null}",
    "string" : "Mozilla/5.0 (Macintosh; Intel Mac OS X 10_15_7) AppleWebKit/537.36 (KHTML, like Gecko) Chrome/116.0.0.0 Safari/537.36 Edg/116.0.1938.62",
    "userAgent" : "{\"family\":\"Edge\",\"major\":\"116\",\"minor\":\"0\",\"patch\":\"1938\"}"
  },
  "device_ua_browser" : "Edge",
  "device_ua_browser_version" : "116.0.1938",
  "device_ua_device" : "Mac",
  "device_ua_device_category" : "PC",
  "device_ua_os" : "Mac OS X",
  "device_ua_os_version" : "10.15.7",
  "event_id" : "43cc3b89d7dfccbc2c906eb125ea25db-0-1693281535-11",
  "event_name" : "_profile_set",
  "event_time_msec" : 1693281865000,
  "event_timestamp" : "2023-08-29T04:04:25.000Z",
  "event_value" : 0.0,
  "event_value_currency" : null,
  "geo_city" : "Ashburn",
  "geo_continent" : "North America",
  "geo_country" : "United States",
  "geo_region" : null,
  "ingest_time_msec" : 1693281865000,
  "page_view_hostname" : "d3mpqdtjegq8im.cloudfront.net",
  "page_view_page_referrer" : null,
  "page_view_page_title" : "Retail Demo Store",
  "page_view_page_url" : "http://d3mpqdtjegq8im.cloudfront.net/",
  "page_view_page_url_path" : "/",
  "page_view_page_url_query_parameters" : null,
  "platform" : "macOS",
  "process_info" : {
    "ingest_time" : "2023-08-29T04:04:25Z",
    "input_file_name" : "server-all-with-ss.json",
    "process_job_id" : "test-job",
    "process_time" : "_PROCESS_TIME_",
    "rid" : "43cc3b89d7dfccbc2c906eb125ea25db"
  },
  "project_id" : "test_project_id_01",
  "session_id" : "1693281535",
  "session_number" : 11,
  "session_start_time_msec" : 1693281865635,
  "traffic_source_campaign" : "Direct",
  "traffic_source_category" : "Direct",
  "traffic_source_channel_group" : "Direct",
  "traffic_source_medium" : "None",
  "traffic_source_source" : "Direct",
  "user_engagement_time_msec" : 8129,
  "user_id" : "0eb41e46-2373-4883-8daf-e1975ccb3821",
  "user_pseudo_id" : "rzKifeYdYvmoWzeYcdcv9CyGY9NAPpL4vm7QxoxTPnM=.1690769179",
  "partition_app" : "testAllAppId1",
  "partition_year" : 2023,
  "partition_month" : 8,
  "partition_day" : 29
}