{
  "created_time" : "_CREATED_TIME_",
  "event_id" : "25aefd4cb653fd0fcbac33e24fd3f0ba-0-1695261065-1",
  "event_name" : "select_item",
  "event_timestamp" : "2023-09-21T01:54:26.828Z",
  "item_id" : "CTF-28015231-16005642",
  "name" : "Apple Watch Metallic Impact Case with Screen Protector 49mm - Orange",
  "platform" : "Windows",
  "price" : 35.6638714628,
  "process_info" : {
    "process_job_id" : "test-job",
    "process_time" : "_PROCESS_TIME_"
  },
  "user_pseudo_id" : "oEzstqb1SUkULygCXFzTFuOZPnG9GItyNJIo8t9tCi0=.1695261066",
  "partition_app" : "testAllAppId1",
  "partition_year" : 2023,
  "partition_month" : 9,
  "partition_day" : 21
}