{
  "created_time" : "_CREATED_TIME_",
  "event_timestamp" : "2023-09-21T01:54:26.778Z",
  "first_referrer" : "https://www.example.com/ipad-cases?DG=iPad&AG=Customizable&A_Customizable=Yes&page=2",
  "first_touch_time_msec" : 1695261244826,
  "first_traffic_campaign" : "Direct",
  "first_traffic_category" : "Direct",
  "first_traffic_channel_group" : "Internal",
  "first_traffic_medium" : "None",
  "first_traffic_source" : "Direct",
  "first_visit_date" : "2023-09-21",
  "process_info" : {
    "process_job_id" : "test-job",
    "process_time" : "_PROCESS_TIME_"
  },
  "user_id" : null,
  "user_properties" : null,
  "user_properties_json_str" : null,
  "user_pseudo_id" : "/7Gsn6b5OMMiSyvc3j5JbSjBpN/hUnNDuzkSFtaMqhQ=.1695131921",
  "partition_app" : "testAllAppId1",
  "partition_year" : 2023,
  "partition_month" : 9,
  "partition_day" : 21
}