{
  "event_timestamp" : 1715224304836,
  "event_id" : "1fcd7f5b-9529-4977-a303-e8c7e39db7b898",
  "event_time_msec" : 1715224304836,
  "event_name" : "_first_open",
  "event_value" : null,
  "event_value_currency" : null,
  "event_bundle_sequence_id" : null,
  "ingest_time_msec" : 1715224304836,
  "device_mobile_brand_name" : "Brand HUAWEI",
  "device_mobile_model_name" : "HUAWEI-P10",
  "device_manufacturer" : "Make HUAWEI",
  "device_carrier" : "CDMA",
  "device_network_type" : "Mobile",
  "device_operating_system" : null,
  "device_operating_system_version" : "os-v1.0",
  "device_vendor_id" : "deviceid-1682319109447",
  "device_advertising_id" : "uf24bec657ea8eff7",
  "device_system_language" : "zh",
  "device_time_zone_offset_seconds" : 28800,
  "device_ua_browser" : null,
  "device_ua_browser_version" : null,
  "device_ua_os" : null,
  "device_ua_os_version" : null,
  "device_ua_device" : null,
  "device_ua_device_category" : null,
  "device_ua" : {
    "string" : "test"
  },
  "device_screen_width" : 1080,
  "device_screen_height" : 2259,
  "device_viewport_width" : null,
  "device_viewport_height" : null,
  "geo_continent" : null,
  "geo_sub_continent" : null,
  "geo_country" : null,
  "geo_region" : null,
  "geo_metro" : null,
  "geo_city" : null,
  "geo_locale" : "zh_CN_#Hans",
  "traffic_source_source" : "Direct",
  "traffic_source_medium" : "Direct",
  "traffic_source_campaign" : "Direct",
  "traffic_source_content" : null,
  "traffic_source_term" : null,
  "traffic_source_campaign_id" : null,
  "traffic_source_clid_platform" : null,
  "traffic_source_clid" : null,
  "traffic_source_channel_group" : "Direct",
  "traffic_source_category" : "Direct",
  "user_first_touch_time_msec" : 1715224304836,
  "app_package_id" : "com.example.demoapplication",
  "app_version" : "1.0",
  "app_title" : "test-title-98-0",
  "app_install_source" : "C001",
  "platform" : "ANDROID",
  "project_id" : "test_project_id",
  "app_id" : "app1",
  "screen_view_screen_name" : null,
  "screen_view_screen_id" : null,
  "screen_view_screen_unique_id" : null,
  "screen_view_previous_screen_name" : null,
  "screen_view_previous_screen_id" : null,
  "screen_view_previous_screen_unique_id" : null,
  "screen_view_previous_time_msec" : null,
  "screen_view_engagement_time_msec" : null,
  "screen_view_entrances" : null,
  "page_view_page_referrer" : null,
  "page_view_page_referrer_title" : null,
  "page_view_previous_time_msec" : null,
  "page_view_engagement_time_msec" : null,
  "page_view_page_title" : null,
  "page_view_page_url" : null,
  "page_view_page_url_path" : null,
  "page_view_page_url_query_parameters" : null,
  "page_view_hostname" : null,
  "page_view_latest_referrer" : null,
  "page_view_latest_referrer_host" : null,
  "page_view_entrances" : null,
  "app_start_is_first_time" : null,
  "upgrade_previous_app_version" : null,
  "upgrade_previous_os_version" : null,
  "search_key" : null,
  "search_term" : null,
  "outbound_link_classes" : null,
  "outbound_link_domain" : null,
  "outbound_link_id" : null,
  "outbound_link_url" : null,
  "outbound_link" : null,
  "user_engagement_time_msec" : null,
  "user_id" : "312121",
  "user_pseudo_id" : "83e45133-ddaf-4ac6-9844-fe457807715198",
  "session_id" : "see000201912dk-23u92-1df0020",
  "session_start_time_msec" : 1715224304846,
  "session_duration" : 690000,
  "session_number" : null,
  "scroll_engagement_time_msec" : null,
  "sdk_error_code" : null,
  "sdk_error_message" : null,
  "sdk_version" : "0.2.0",
  "sdk_name" : "aws-solution-clickstream-sdk",
  "app_exception_message" : null,
  "app_exception_stack" : null,
  "custom_parameters" : {
    "_device_advertising_id" : "DAID001",
    "country_code" : "CN",
    "_device_vendor_id" : "V001",
    "_is_first_day" : true,
    "hashCode" : "80452b0",
    "event_sequence_id" : 2
  },
  "process_info" : {
    "input_file_name" : "test_file",
    "upload_time" : "2024-05-09T03:11:44.846Z",
    "ingest_time" : "2024-05-09T03:11:44.836Z",
    "event_timestamp_adjusted" : "true",
    "event_timestamp_adjusted_reason" : "ingestTimestamp is -10 seconds ahead of uploadTimestamp, isFutureEvent: true|eventTimestamp is in the future, set to ingestTimestamp",
    "rid" : "test_rid",
    "event_timestamp_adjusted_to" : "1715224304836",
    "event_timestamp_adjusted_from" : "1715224304826",
    "source_ip" : "9.9.9.9"
  }
}