{
  "event_timestamp" : 1682319109447,
  "event_id" : "1fcd7f5b-9529-4977-a303-e8c7e39db7b898",
  "event_time_msec" : 1682319109447,
  "event_name" : "ClickMe",
  "event_value" : null,
  "event_value_currency" : null,
  "event_bundle_sequence_id" : 111,
  "ingest_time_msec" : 1682319109403,
  "device_mobile_brand_name" : "Brand HUAWEI",
  "device_mobile_model_name" : "HUAWEI-P10",
  "device_manufacturer" : "Make HUAWEI",
  "device_carrier" : "CDMA",
  "device_network_type" : "Mobile",
  "device_operating_system" : null,
  "device_operating_system_version" : "os-v1.0",
  "device_vendor_id" : "deviceid-1682319109447",
  "device_advertising_id" : "uf24bec657ea8eff7",
  "device_system_language" : "zh",
  "device_time_zone_offset_seconds" : 28800,
  "device_ua_browser" : null,
  "device_ua_browser_version" : null,
  "device_ua_os" : null,
  "device_ua_os_version" : null,
  "device_ua_device" : null,
  "device_ua_device_category" : null,
  "device_ua" : {
    "string" : "Apache-HttpClient/4.5.12 (Java/11.0.15)"
  },
  "device_screen_width" : 1080,
  "device_screen_height" : 2259,
  "device_viewport_width" : null,
  "device_viewport_height" : null,
  "geo_continent" : null,
  "geo_sub_continent" : null,
  "geo_country" : null,
  "geo_region" : null,
  "geo_metro" : null,
  "geo_city" : null,
  "geo_locale" : "zh_CN_#Hans",
  "traffic_source_source" : "Baidu",
  "traffic_source_medium" : "(Organic)",
  "traffic_source_campaign" : null,
  "traffic_source_content" : null,
  "traffic_source_term" : null,
  "traffic_source_campaign_id" : null,
  "traffic_source_clid_platform" : null,
  "traffic_source_clid" : null,
  "traffic_source_channel_group" : "Organic Search",
  "traffic_source_category" : "Search",
  "user_first_touch_time_msec" : 1667877267895,
  "app_package_id" : "com.example.demoapplication",
  "app_version" : "1.0",
  "app_title" : "test-title-98-0",
  "app_install_source" : null,
  "platform" : "Web",
  "project_id" : "test_project_id",
  "app_id" : "uba-app",
  "screen_view_screen_name" : null,
  "screen_view_screen_id" : null,
  "screen_view_screen_unique_id" : null,
  "screen_view_previous_screen_name" : null,
  "screen_view_previous_screen_id" : null,
  "screen_view_previous_screen_unique_id" : null,
  "screen_view_previous_time_msec" : null,
  "screen_view_engagement_time_msec" : null,
  "screen_view_entrances" : null,
  "page_view_page_referrer" : "https://www2.inbox.com?q=abc&q=007",
  "page_view_page_referrer_title" : null,
  "page_view_previous_time_msec" : null,
  "page_view_engagement_time_msec" : null,
  "page_view_page_title" : null,
  "page_view_page_url" : "http://www.example.com/?q=abc",
  "page_view_page_url_path" : "/",
  "page_view_page_url_query_parameters" : {
    "q" : "abc"
  },
  "page_view_hostname" : "host-name-001.com",
  "page_view_latest_referrer" : "www.baidu.com",
  "page_view_latest_referrer_host" : "www.baidu.com",
  "page_view_entrances" : null,
  "app_start_is_first_time" : null,
  "upgrade_previous_app_version" : null,
  "upgrade_previous_os_version" : null,
  "search_key" : null,
  "search_term" : null,
  "outbound_link_classes" : null,
  "outbound_link_domain" : null,
  "outbound_link_id" : null,
  "outbound_link_url" : null,
  "outbound_link" : null,
  "user_engagement_time_msec" : null,
  "user_id" : "312121",
  "user_pseudo_id" : "83e45133-ddaf-4ac6-9844-fe457807715198",
  "session_id" : "see000201912dk-23u92-1df0020",
  "session_start_time_msec" : 1667963966697,
  "session_duration" : 690000,
  "session_number" : null,
  "scroll_engagement_time_msec" : null,
  "sdk_error_code" : null,
  "sdk_error_message" : null,
  "sdk_version" : "0.2.0",
  "sdk_name" : "aws-solution-clickstream-sdk",
  "app_exception_message" : null,
  "app_exception_stack" : null,
  "custom_parameters" : {
    "_device_advertising_id" : "DAID001",
    "_error_name_invalid" : "",
    "_error_name_length_exceed" : "",
    "_error_attribute_size_exceed" : "",
    "country_code" : "CN",
    "hashCode" : "80452b0",
    "_device_vendor_id" : "V001",
    "_is_first_day" : true,
    "_error_value_length_exceed" : "",
    "event_sequence_id" : 2,
    "_channel" : "C001"
  },
  "process_info" : {
    "input_file_name" : "original_data_page_url.json",
    "ingest_time" : "2023-04-24T06:51:49.403Z",
    "rid" : "07157da84281bb7234ba6f8613df7d32",
    "source_ip" : "13.212.229.59"
  }
}