{
  "app_info" : {
    "app_id" : "uba-app",
    "id" : "com.example.demoapplication",
    "install_source" : "C001",
    "version" : "1.0"
  },
  "device" : {
    "advertising_id" : "uf24bec657ea8eff7",
    "carrier" : "CDMA",
    "host_name" : "host-name-001.com",
    "manufacturer" : "Make HUAWEI",
    "mobile_brand_name" : "Brand HUAWEI",
    "mobile_model_name" : "HUAWEI-P10",
    "network_type" : "Mobile",
    "operating_system" : "ANDROID",
    "operating_system_version" : "os-v1.0",
    "screen_height" : 2259,
    "screen_width" : 1080,
    "system_language" : "zh",
    "time_zone_offset_seconds" : 28800,
    "ua_browser" : null,
    "ua_browser_version" : null,
    "ua_device" : null,
    "ua_device_category" : null,
    "ua_os" : null,
    "ua_os_version" : null,
    "vendor_id" : "deviceid-1682319109447",
    "viewport_height" : null,
    "viewport_width" : null
  },
  "event_bundle_sequence_id" : null,
  "event_date" : "2023-04-24",
  "event_id" : "1fcd7f5b-9529-4977-a303-e8c7e39db7b898",
  "event_name" : "Click3",
  "event_previous_timestamp" : null,
  "event_timestamp" : 1682319109447,
  "event_value_in_usd" : null,
  "geo" : {
    "city" : null,
    "continent" : null,
    "country" :  null,
    "metro" : null,
    "region" : null,
    "sub_continent" : null,
    "locale" : "zh_CN_#Hans"
  },
  "ingest_timestamp" : 1682319109403,
  "items" : [ {
    "creative_name" : "Creative Name",
    "creative_slot" : "Creative Slot",
    "currency" : null,
    "id" : "item_id1",
    "price" : 52.99,
    "quantity" : 42
  }, {
    "creative_name" : null,
    "creative_slot" : null,
    "currency" : null,
    "id" : "d3b237ae-6039-45f9-9692-495ad2141c54",
    "price" : 52.99,
    "quantity" : null
  }, {
    "creative_name" : "Creative Name 3",
    "creative_slot" : "Creative Slot 3",
    "currency" : null,
    "id" : "item_id3",
    "price" : 42.33,
    "quantity" : 19
  } ],
  "platform" : "ANDROID",
  "project_id" : "test_project_id_01",
  "traffic_source" : {
    "medium" : "TSM",
    "name" : "TSN",
    "source" : "TSS"
  },
  "ua" : "Apache-HttpClient/4.5.12 (Java/11.0.15)",
  "user_id" : "312121",
  "user_pseudo_id" : "83e45133-ddaf-4ac6-9844-fe457807715198"
}