[ {
  "app_info" : {
    "app_id" : "uba-app",
    "id" : "com.example.demoapplication",
    "install_source" : "C001",
    "sdk_name" : "aws-solution-clickstream-sdk",
    "sdk_version" : "0.2.0",
    "version" : "1.0"
  },
  "device" : {
    "advertising_id" : "uf24bec657ea8eff7",
    "carrier" : "CDMA",
    "host_name" : "https://host-name-004.com",
    "manufacturer" : "Make HUAWEI",
    "mobile_brand_name" : "Brand HUAWEI",
    "mobile_model_name" : "HUAWEI-P10",
    "network_type" : "Mobile",
    "operating_system" : "ANDROID",
    "operating_system_version" : "os-v1.0",
    "screen_height" : 2259,
    "screen_width" : 1080,
    "system_language" : "zh",
    "time_zone_offset_seconds" : 28800,
    "ua_browser" : "Apache-HttpClient",
    "ua_browser_version" : "4.4.12",
    "ua_device" : "Other",
    "ua_os" : "Other",
    "vendor_id" : "deviceid-4"
  },
  "event_bundle_sequence_id" : 111,
  "event_date" : "2023-04-24",
  "event_id" : "1fcd7f5b-9529-4977-a303-e8c7e39db7b898-etl_runner1",
  "event_name" : "_user_profile_set",
  "event_timestamp" : 1682319109447,
  "geo" : {
    "city" : "Singapore",
    "continent" : "Asia",
    "country" : "Singapore",
    "locale" : "zh_CN_#Hans"
  },
  "ingest_timestamp" : 1682319109403,
  "items" : [ {
    "creative_name" : "Creative Name",
    "creative_slot" : "Creative Slot",
    "id" : "item_id_uuid1_etl_runner1",
    "price" : 52.99,
    "quantity" : 42
  }, {
    "creative_name" : null,
    "creative_slot" : null,
    "id" : "d3b237ae-6039-45f9-9692-495ad2141c54",
    "price" : 52.99,
    "quantity" : null
  }, {
    "creative_name" : "Creative Name 3",
    "creative_slot" : "Creative Slot 3",
    "id" : "item_id_uuid1_etl_runner1",
    "price" : 42.33,
    "quantity" : 19
  } ],
  "platform" : "ANDROID",
  "project_id" : "test_project_id_01",
  "traffic_source" : {
    "medium" : "TSM",
    "name" : "TSN",
    "source" : "TSS"
  },
  "user_id" : "p3121211",
  "user_pseudo_id" : "uuid1_etl_runner1",
  "partition_app" : "uba-app",
  "partition_year" : 2023,
  "partition_month" : 4,
  "partition_day" : 24
} ]