{
  "type" : "struct",
  "fields" : [ {
    "name" : "app_id",
    "type" : "string",
    "nullable" : true,
    "metadata" : { }
  }, {
    "name" : "event_date",
    "type" : "date",
    "nullable" : true,
    "metadata" : { }
  }, {
    "name" : "event_timestamp",
    "type" : "long",
    "nullable" : true,
    "metadata" : { }
  }, {
    "name" : "event_id",
    "type" : "string",
    "nullable" : true,
    "metadata" : { }
  }, {
    "name" : "event_name",
    "type" : "string",
    "nullable" : true,
    "metadata" : { }
  }, {
    "name" : "event_param_key",
    "type" : "string",
    "nullable" : true,
    "metadata" : { }
  }, {
    "name" : "event_param_double_value",
    "type" : "double",
    "nullable" : true,
    "metadata" : { }
  }, {
    "name" : "event_param_float_value",
    "type" : "float",
    "nullable" : true,
    "metadata" : { }
  }, {
    "name" : "event_param_int_value",
    "type" : "long",
    "nullable" : true,
    "metadata" : { }
  }, {
    "name" : "event_param_string_value",
    "type" : "string",
    "nullable" : true,
    "metadata" : { }
  } ]
}