{
  "type" : "struct",
  "fields" : [ {
    "name" : "event_id",
    "type" : "string",
    "nullable" : true,
    "metadata" : { }
  }, {
    "name" : "event_date",
    "type" : "date",
    "nullable" : true,
    "metadata" : { }
  }, {
    "name" : "event_timestamp",
    "type" : "long",
    "nullable" : true,
    "metadata" : { }
  }, {
    "name" : "event_previous_timestamp",
    "type" : "long",
    "nullable" : true,
    "metadata" : { }
  }, {
    "name" : "event_name",
    "type" : "string",
    "nullable" : true,
    "metadata" : { }
  }, {
    "name" : "event_value_in_usd",
    "type" : "float",
    "nullable" : true,
    "metadata" : { }
  }, {
    "name" : "event_bundle_sequence_id",
    "type" : "long",
    "nullable" : true,
    "metadata" : { }
  }, {
    "name" : "ingest_timestamp",
    "type" : "long",
    "nullable" : true,
    "metadata" : { }
  }, {
    "name" : "device",
    "type" : {
      "type" : "struct",
      "fields" : [ {
        "name" : "mobile_brand_name",
        "type" : "string",
        "nullable" : true,
        "metadata" : { }
      }, {
        "name" : "mobile_model_name",
        "type" : "string",
        "nullable" : true,
        "metadata" : { }
      }, {
        "name" : "manufacturer",
        "type" : "string",
        "nullable" : true,
        "metadata" : { }
      }, {
        "name" : "screen_width",
        "type" : "long",
        "nullable" : true,
        "metadata" : { }
      }, {
        "name" : "screen_height",
        "type" : "long",
        "nullable" : true,
        "metadata" : { }
      }, {
        "name" : "carrier",
        "type" : "string",
        "nullable" : true,
        "metadata" : { }
      }, {
        "name" : "network_type",
        "type" : "string",
        "nullable" : true,
        "metadata" : { }
      }, {
        "name" : "operating_system_version",
        "type" : "string",
        "nullable" : true,
        "metadata" : { }
      }, {
        "name" : "operating_system",
        "type" : "string",
        "nullable" : true,
        "metadata" : { }
      }, {
        "name" : "ua_browser",
        "type" : "string",
        "nullable" : true,
        "metadata" : { }
      }, {
        "name" : "ua_browser_version",
        "type" : "string",
        "nullable" : true,
        "metadata" : { }
      }, {
        "name" : "ua_os",
        "type" : "string",
        "nullable" : true,
        "metadata" : { }
      }, {
        "name" : "ua_os_version",
        "type" : "string",
        "nullable" : true,
        "metadata" : { }
      }, {
        "name" : "ua_device",
        "type" : "string",
        "nullable" : true,
        "metadata" : { }
      }, {
        "name" : "ua_device_category",
        "type" : "string",
        "nullable" : true,
        "metadata" : { }
      }, {
        "name" : "system_language",
        "type" : "string",
        "nullable" : true,
        "metadata" : { }
      }, {
        "name" : "time_zone_offset_seconds",
        "type" : "long",
        "nullable" : true,
        "metadata" : { }
      }, {
        "name" : "vendor_id",
        "type" : "string",
        "nullable" : true,
        "metadata" : { }
      }, {
        "name" : "advertising_id",
        "type" : "string",
        "nullable" : true,
        "metadata" : { }
      }, {
        "name" : "host_name",
        "type" : "string",
        "nullable" : true,
        "metadata" : { }
      }, {
        "name" : "viewport_width",
        "type" : "long",
        "nullable" : true,
        "metadata" : { }
      }, {
        "name" : "viewport_height",
        "type" : "long",
        "nullable" : true,
        "metadata" : { }
      } ]
    },
    "nullable" : false,
    "metadata" : { }
  }, {
    "name" : "geo",
    "type" : {
      "type" : "struct",
      "fields" : [ {
        "name" : "country",
        "type" : "string",
        "nullable" : true,
        "metadata" : { }
      }, {
        "name" : "continent",
        "type" : "string",
        "nullable" : true,
        "metadata" : { }
      }, {
        "name" : "sub_continent",
        "type" : "string",
        "nullable" : true,
        "metadata" : { }
      }, {
        "name" : "locale",
        "type" : "string",
        "nullable" : true,
        "metadata" : { }
      }, {
        "name" : "region",
        "type" : "string",
        "nullable" : true,
        "metadata" : { }
      }, {
        "name" : "metro",
        "type" : "string",
        "nullable" : true,
        "metadata" : { }
      }, {
        "name" : "city",
        "type" : "string",
        "nullable" : true,
        "metadata" : { }
      } ]
    },
    "nullable" : false,
    "metadata" : { }
  }, {
    "name" : "traffic_source",
    "type" : {
      "type" : "struct",
      "fields" : [ {
        "name" : "medium",
        "type" : "string",
        "nullable" : true,
        "metadata" : { }
      }, {
        "name" : "name",
        "type" : "string",
        "nullable" : true,
        "metadata" : { }
      }, {
        "name" : "source",
        "type" : "string",
        "nullable" : true,
        "metadata" : { }
      } ]
    },
    "nullable" : false,
    "metadata" : { }
  }, {
    "name" : "app_info",
    "type" : {
      "type" : "struct",
      "fields" : [ {
        "name" : "app_id",
        "type" : "string",
        "nullable" : true,
        "metadata" : { }
      }, {
        "name" : "id",
        "type" : "string",
        "nullable" : true,
        "metadata" : { }
      }, {
        "name" : "install_source",
        "type" : "string",
        "nullable" : true,
        "metadata" : { }
      }, {
        "name" : "version",
        "type" : "string",
        "nullable" : true,
        "metadata" : { }
      }, {
        "name" : "sdk_version",
        "type" : "string",
        "nullable" : true,
        "metadata" : { }
      }, {
        "name" : "sdk_name",
        "type" : "string",
        "nullable" : true,
        "metadata" : { }
      } ]
    },
    "nullable" : false,
    "metadata" : { }
  }, {
    "name" : "platform",
    "type" : "string",
    "nullable" : true,
    "metadata" : { }
  }, {
    "name" : "project_id",
    "type" : "string",
    "nullable" : false,
    "metadata" : { }
  }, {
    "name" : "items",
    "type" : {
      "type" : "array",
      "elementType" : {
        "type" : "struct",
        "fields" : [ {
          "name" : "id",
          "type" : "string",
          "nullable" : true,
          "metadata" : { }
        }, {
          "name" : "quantity",
          "type" : "long",
          "nullable" : true,
          "metadata" : { }
        }, {
          "name" : "price",
          "type" : "double",
          "nullable" : true,
          "metadata" : { }
        }, {
          "name" : "currency",
          "type" : "string",
          "nullable" : true,
          "metadata" : { }
        }, {
          "name" : "creative_name",
          "type" : "string",
          "nullable" : true,
          "metadata" : { }
        }, {
          "name" : "creative_slot",
          "type" : "string",
          "nullable" : true,
          "metadata" : { }
        } ]
      },
      "containsNull" : true
    },
    "nullable" : true,
    "metadata" : { }
  }, {
    "name" : "user_pseudo_id",
    "type" : "string",
    "nullable" : true,
    "metadata" : { }
  }, {
    "name" : "user_id",
    "type" : "string",
    "nullable" : true,
    "metadata" : { }
  }, {
    "name" : "ua",
    "type" : "string",
    "nullable" : true,
    "metadata" : { }
  }, {
    "name" : "geo_for_enrich",
    "type" : {
      "type" : "struct",
      "fields" : [ {
        "name" : "ip",
        "type" : "string",
        "nullable" : true,
        "metadata" : { }
      }, {
        "name" : "locale",
        "type" : "string",
        "nullable" : true,
        "metadata" : { }
      } ]
    },
    "nullable" : false,
    "metadata" : { }
  } ]
}