{
  "type" : "struct",
  "fields" : [ {
    "name" : "event_timestamp",
    "type" : "timestamp",
    "nullable" : true,
    "metadata" : { }
  }, {
    "name" : "user_pseudo_id",
    "type" : "string",
    "nullable" : true,
    "metadata" : { }
  }, {
    "name" : "session_id",
    "type" : "string",
    "nullable" : true,
    "metadata" : { }
  }, {
    "name" : "user_id",
    "type" : "string",
    "nullable" : true,
    "metadata" : { }
  }, {
    "name" : "session_number",
    "type" : "long",
    "nullable" : true,
    "metadata" : { }
  }, {
    "name" : "session_start_time_msec",
    "type" : "long",
    "nullable" : true,
    "metadata" : { }
  }, {
    "name" : "session_source",
    "type" : "string",
    "nullable" : true,
    "metadata" : { }
  }, {
    "name" : "session_medium",
    "type" : "string",
    "nullable" : true,
    "metadata" : { }
  }, {
    "name" : "session_campaign",
    "type" : "string",
    "nullable" : true,
    "metadata" : { }
  }, {
    "name" : "session_content",
    "type" : "string",
    "nullable" : true,
    "metadata" : { }
  }, {
    "name" : "session_term",
    "type" : "string",
    "nullable" : true,
    "metadata" : { }
  }, {
    "name" : "session_campaign_id",
    "type" : "string",
    "nullable" : true,
    "metadata" : { }
  }, {
    "name" : "session_clid_platform",
    "type" : "string",
    "nullable" : true,
    "metadata" : { }
  }, {
    "name" : "session_clid",
    "type" : "string",
    "nullable" : true,
    "metadata" : { }
  }, {
    "name" : "session_channel_group",
    "type" : "string",
    "nullable" : true,
    "metadata" : { }
  }, {
    "name" : "session_source_category",
    "type" : "string",
    "nullable" : true,
    "metadata" : { }
  }, {
    "name" : "process_info",
    "type" : {
      "type" : "map",
      "keyType" : "string",
      "valueType" : "string",
      "valueContainsNull" : true
    },
    "nullable" : true,
    "metadata" : { }
  }, {
    "name" : "app_id",
    "type" : "string",
    "nullable" : true,
    "metadata" : { }
  }, {
    "name" : "created_time",
    "type" : "timestamp",
    "nullable" : true,
    "metadata" : { }
  } ]
}