{
  "appId" : "testApp1",
  "compression" : "gzip",
  "data" : "[{\"hashCode\":\"80452b0\",\"app_id\":\"testApp1\",\"unique_id\":\"83e45133-ddaf-4ac6-9844-fe457807715198\",\"host_name\":\"host-name-001.com\",\"device_id\":\"deviceid-1682319109447\",\"device_unique_id\":\"uf24bec657ea8eff7\",\"event_type\":\"_page_view\",\"event_id\":\"1fcd7f5b-9529-4977-a303-e8c7e39db7b898_page_view\",\"event_sequence_id\":2,\"timestamp\":1682319109447,\"platform\":\"ANDROID\",\"os_name\":\"ANDROID OS\",\"os_version\":\"os-v1.0\",\"make\":\"Make HUAWEI\",\"brand\":\"Brand HUAWEI\",\"model\":\"HUAWEI-P10\",\"carrier\":\"CDMA\",\"network_type\":\"Mobile\",\"screen_height\":2259,\"screen_width\":1080,\"zone_offset\":28800000,\"locale\":\"zh_CN_#Hans\",\"system_language\":\"zh\",\"country_code\":\"CN\",\"sdk_version\":\"0.2.0\",\"sdk_name\":\"aws-solution-clickstream-sdk\",\"app_version\":\"1.0\",\"app_package_name\":\"com.example.demoapplication\",\"app_title\":\"test-title-98-0\",\"user\":{\"_user_id\":{\"value\":\"312121\",\"set_timestamp\":1667877566697},\"_user_name\":{\"value\":\"example\",\"set_timestamp\":1667877566697},\"_user_age\":{\"value\":20,\"set_timestamp\":1667877566697},\"_user_first_touch_timestamp\":{\"value\":1667877267895,\"set_timestamp\":1667877566697},\"_user_ltv_currency\":{\"value\":\"USD\",\"set_timestamp\":1667877566697},\"_user_ltv_revenue\":{\"value\":123.45,\"set_timestamp\":1667877566697}},\"attributes\":{\"_traffic_source_medium\":\"cpc\",\"_traffic_source_campaign\":\"shopping\",\"_traffic_source_source\":\"google\",\"_privacy_info_ads_storage\":\"PIAS\",\"_privacy_info_analytics_storage\":\"PIAAS\",\"_privacy_info_uses_transient_token\":\"PIUTT\",\"_channel\":\"C001\",\"_device_vendor_id\":\"V001\",\"_device_advertising_id\":\"DAID001\",\"_is_first_time\":true,\"_is_first_day\":true,\"_session_id\":\"see000201912dk-23u92-1df0020\",\"_session_start_timestamp\":1667963966697,\"_session_duration\":690000,\"_page_url\":\"https://www.example.com\",\"_page_title\":\"Example Title\",\"_page_referrer\":\"https://www.google.com/referrer\",\"_engagement_time_msec\":30000,\"_previous_timestamp\":1667963966697,\"_entrances\":1,\"_latest_referrer\":\"https://www.google.com/latest-referrer\",\"_latest_referrer_host\":\"www.google.com\"},\"items\":[{\"id\":\"item_id1\",\"name\":\"French Press1\",\"category\":\"housewares\",\"price\":52.99,\"brand\":\"Brand1\",\"category2\":\"Category-2\",\"category3\":\"Category-3\",\"category4\":\"Category-4\",\"category5\":\"Category-5\",\"creative_name\":\"Creative Name\",\"creative_slot\":\"Creative Slot\",\"location_id\":\"Location#001\",\"quantity\":42,\"currency\":\"USD\"},{\"id\":\"d3b237aekdme3l\",\"name\":\"French Press\",\"category\":\"housewares\",\"price\":52.99,\"currency\":\"USD\"},{\"id\":\"item_id034394ldmf3\",\"name\":\"French Press3\",\"category\":\"housewares3\",\"price\":42.33,\"brand\":\"Brand-3\",\"category2\":\"Category-2 3\",\"category3\":\"Category-3 3\",\"category4\":\"Category-4 3\",\"category5\":\"Category-5 3\",\"creative_name\":\"Creative Name 3\",\"creative_slot\":\"Creative Slot 3\",\"location_id\":\"Location#003\",\"quantity\":19,\"currency\":\"USD\"}]},{\"hashCode\":\"80452b0\",\"app_id\":\"testApp1\",\"unique_id\":\"83e45133-ddaf-4ac6-9844-fe457807715198\",\"host_name\":\"host-name-001.com\",\"device_id\":\"deviceid-1682319109447\",\"device_unique_id\":\"uf24bec657ea8eff7\",\"event_type\":\"_user_enagement\",\"event_id\":\"1fcd7f5b-9529-4977-a303-e8c7e39db7b898_user_enagement\",\"event_sequence_id\":2,\"timestamp\":1682319109448,\"platform\":\"ANDROID\",\"os_version\":\"os-v1.0\",\"make\":\"Make HUAWEI\",\"brand\":\"Brand HUAWEI\",\"model\":\"HUAWEI-P10\",\"carrier\":\"CDMA\",\"network_type\":\"Mobile\",\"screen_height\":2259,\"screen_width\":1080,\"zone_offset\":28800000,\"locale\":\"zh_CN_#Hans\",\"system_language\":\"zh\",\"country_code\":\"CN\",\"sdk_version\":\"0.2.0\",\"sdk_name\":\"aws-solution-clickstream-sdk\",\"app_version\":\"1.0\",\"app_package_name\":\"com.example.demoapplication\",\"app_title\":\"test-title-98-0\",\"user\":{\"_user_id\":{\"value\":\"312121\",\"set_timestamp\":1667877566697},\"_user_name\":{\"value\":\"example\",\"set_timestamp\":1667877566697},\"_user_age\":{\"value\":21,\"set_timestamp\":1667877566697},\"_user_first_touch_timestamp\":{\"value\":1667877267895,\"set_timestamp\":1667877566697},\"_user_ltv_currency\":{\"value\":\"USD\",\"set_timestamp\":1667877566697},\"_user_ltv_revenue\":{\"value\":123.45,\"set_timestamp\":1667877566697}},\"attributes\":{\"_channel\":\"C001\",\"_device_vendor_id\":\"V001\",\"_device_advertising_id\":\"DAID001\",\"_is_first_time\":true,\"_is_first_day\":true,\"_session_id\":\"see000201912dk-23u92-1df0020\",\"_session_start_timestamp\":1667963966697,\"_session_duration\":690000,\"_page_url\":\"https://www.example.com\",\"_page_title\":\"Example Title\",\"_page_referrer\":\"https://www.google.com/referrer\",\"_engagement_time_msec\":30000,\"_previous_timestamp\":1667963966697,\"_entrances\":1,\"_latest_referrer\":\"https://www.google.com/latest-referrer\",\"_latest_referrer_host\":\"www.google.com\"},\"items\":[{\"id\":\"item_id1\",\"name\":\"French Press1\",\"category\":\"housewares\",\"price\":52.99,\"brand\":\"Brand1\",\"category2\":\"Category-2\",\"category3\":\"Category-3\",\"category4\":\"Category-4\",\"category5\":\"Category-5\",\"creative_name\":\"Creative Name\",\"creative_slot\":\"Creative Slot\",\"location_id\":\"Location#001\",\"quantity\":42,\"currency\":\"USD\"},{\"id\":\"d3b237aekdme3l\",\"name\":\"French Press\",\"category\":\"housewares\",\"price\":52.99,\"currency\":\"USD\"},{\"id\":\"item_id034394ldmf3\",\"name\":\"French Press3\",\"category\":\"housewares3\",\"price\":42.33,\"brand\":\"Brand-3\",\"category2\":\"Category-2 3\",\"category3\":\"Category-3 3\",\"category4\":\"Category-4 3\",\"category5\":\"Category-5 3\",\"creative_name\":\"Creative Name 3\",\"creative_slot\":\"Creative Slot 3\",\"location_id\":\"Location#003\",\"quantity\":19,\"currency\":\"USD\"}]},{\"hashCode\":\"80452b0\",\"app_id\":\"testApp1\",\"unique_id\":\"83e45133-ddaf-4ac6-9844-fe457807715198\",\"host_name\":\"host-name-001.com\",\"device_id\":\"deviceid-1682319109447\",\"device_unique_id\":\"uf24bec657ea8eff7\",\"event_type\":\"_scroll\",\"event_id\":\"1fcd7f5b-9529-4977-a303-e8c7e39db7b898_scroll\",\"event_sequence_id\":2,\"timestamp\":1682319109448,\"platform\":\"ANDROID\",\"os_version\":\"os-v1.0\",\"make\":\"Make HUAWEI\",\"brand\":\"Brand HUAWEI\",\"model\":\"HUAWEI-P10\",\"carrier\":\"CDMA\",\"network_type\":\"Mobile\",\"screen_height\":2259,\"screen_width\":1080,\"zone_offset\":28800000,\"locale\":\"zh_CN_#Hans\",\"system_language\":\"zh\",\"country_code\":\"CN\",\"sdk_version\":\"0.2.0\",\"sdk_name\":\"aws-solution-clickstream-sdk\",\"app_version\":\"1.0\",\"app_package_name\":\"com.example.demoapplication\",\"app_title\":\"test-title-98-0\",\"user\":{\"_user_id\":{\"value\":\"312121\",\"set_timestamp\":1667877566697}},\"attributes\":{\"_channel\":\"C001\",\"_device_vendor_id\":\"V001\",\"_device_advertising_id\":\"DAID001\",\"_session_id\":\"see000201912dk-23u92-1df0020_scroll\",\"_session_start_timestamp\":1667963966697,\"_session_duration\":690000,\"_page_url\":\"https://www.example.com\",\"_page_title\":\"Example Title\",\"_page_referrer\":\"https://www.google.com/referrer\",\"_engagement_time_msec\":30000,\"_previous_timestamp\":1667963966697,\"_entrances\":1,\"_latest_referrer\":\"https://www.google.com/latest-referrer\",\"_latest_referrer_host\":\"www.google.com\"},\"items\":[{\"id\":\"item_id1\",\"name\":\"French Press1\",\"category\":\"housewares\",\"price\":52.99,\"brand\":\"Brand1\",\"category2\":\"Category-2\",\"category3\":\"Category-3\",\"category4\":\"Category-4\",\"category5\":\"Category-5\",\"creative_name\":\"Creative Name\",\"creative_slot\":\"Creative Slot\",\"location_id\":\"Location#001\",\"quantity\":42,\"currency\":\"USD\"}]},{\"hashCode\":\"80452b0\",\"app_id\":\"testApp1\",\"unique_id\":\"83e45133-ddaf-4ac6-9844-fe457807715198\",\"host_name\":\"host-name-001.com\",\"device_id\":\"deviceid-1682319109447\",\"device_unique_id\":\"uf24bec657ea8eff7\",\"event_type\":\"_app_start\",\"event_id\":\"1fcd7f5b-9529-4977-a303-e8c7e39db7b898_app_start\",\"event_sequence_id\":2,\"timestamp\":1682319109448,\"platform\":\"ANDROID\",\"os_version\":\"os-v1.0\",\"make\":\"Make HUAWEI\",\"brand\":\"Brand HUAWEI\",\"model\":\"HUAWEI-P10\",\"carrier\":\"CDMA\",\"network_type\":\"Mobile\",\"screen_height\":2259,\"screen_width\":1080,\"zone_offset\":28800000,\"locale\":\"zh_CN_#Hans\",\"system_language\":\"zh\",\"country_code\":\"CN\",\"sdk_version\":\"0.2.0\",\"sdk_name\":\"aws-solution-clickstream-sdk\",\"app_version\":\"1.0\",\"app_package_name\":\"com.example.demoapplication\",\"app_title\":\"test-title-98-0\",\"user\":{\"_user_id\":{\"value\":\"312121\",\"set_timestamp\":1667877566697}},\"attributes\":{\"_utm_source\":\"bing\",\"_utm_medium\":\"cpc\",\"_utm_campaign\":\"shopping\",\"_utm_content\":\"content\",\"_utm_term\":\"term1, term2\",\"_device_advertising_id\":\"DAID001\",\"_session_id\":\"see000201912dk-23u92-1df0020_app_start\",\"_session_start_timestamp\":1667963966697,\"_session_duration\":690000,\"_page_url\":\"https://www.example.com\",\"_page_title\":\"Example Title\",\"_page_referrer\":\"https://www.google.com/referrer\",\"_engagement_time_msec\":30000,\"_previous_timestamp\":1667963966697,\"_entrances\":1,\"_latest_referrer\":\"https://www.google.com/latest-referrer\",\"_latest_referrer_host\":\"www.google.com\"}},{\"hashCode\":\"80452b0\",\"app_id\":\"testApp1\",\"unique_id\":\"83e45133-ddaf-4ac6-9844-fe457807715198-2\",\"host_name\":\"host-name-001.com\",\"device_id\":\"deviceid-1682319109447\",\"device_unique_id\":\"uf24bec657ea8eff7\",\"event_type\":\"_session_start\",\"event_id\":\"1fcd7f5b-9529-4977-a303-e8c7e39db7b898_session_start\",\"event_sequence_id\":2,\"timestamp\":1682319109448,\"platform\":\"ANDROID\",\"os_version\":\"os-v1.0\",\"make\":\"Make HUAWEI\",\"brand\":\"Brand HUAWEI\",\"model\":\"HUAWEI-P10\",\"carrier\":\"CDMA\",\"network_type\":\"Mobile\",\"screen_height\":2259,\"screen_width\":1080,\"zone_offset\":28800000,\"locale\":\"zh_CN_#Hans\",\"system_language\":\"zh\",\"country_code\":\"CN\",\"sdk_version\":\"0.2.0\",\"sdk_name\":\"aws-solution-clickstream-sdk\",\"app_version\":\"1.0\",\"app_package_name\":\"com.example.demoapplication\",\"app_title\":\"test-title-98-0\",\"user\":{\"_user_id\":{\"value\":\"312121\",\"set_timestamp\":1667877566697}},\"attributes\":{\"_utm_source\":\"google\",\"_utm_medium\":\"cpc\",\"_utm_campaign\":\"shopping\",\"_utm_content\":\"content\",\"_utm_term\":\"term1, term2\",\"_gclid\":\"gclidxxxxxxxxx\",\"_device_advertising_id\":\"DAID001\",\"_session_id\":\"see000201912dk-23u92-1df0020_session_start\",\"_session_start_timestamp\":1667963966697,\"_session_duration\":690000,\"_page_url\":\"https://www.example.com\",\"_page_title\":\"Example Title\",\"_page_referrer\":\"https://www.google.com/referrer\",\"_engagement_time_msec\":30000,\"_previous_timestamp\":1667963966697,\"_entrances\":1,\"_latest_referrer\":\"https://www.google.com/latest-referrer\",\"_latest_referrer_host\":\"www.google.com\"}}]",
  "date" : "2023-04-24T12:51:49.403Z",
  "ingest_time" : 1682340709403,
  "ip" : "13.212.229.59",
  "m" : "POST",
  "path" : "/collect",
  "platform" : "ANDROID",
  "rid" : "07157da84281bb7234ba6f8613df7d32",
  "source_type" : "http",
  "timestamp" : "2023-04-24T12:51:49.403Z",
  "ua" : "Apache-HttpClient/4.5.12 (Java/11.0.15)",
  "upload_timestamp" : 1682319109403,
  "uri" : "/collect?loadTestData=1&appId=testApp1&compression=gzip&event_bundle_sequence_id=111",
  "input_file_name" : "_TEST_INPUT_FILE_NAME_",
  "dataOut" : {
    "_corrupt_record" : null,
    "events" : [ {
      "event_timestamp" : "2023-04-24 12:51:49",
      "event_id" : "1fcd7f5b-9529-4977-a303-e8c7e39db7b898_page_view",
      "event_time_msec" : 1682340709447,
      "event_name" : "_page_view",
      "event_value" : null,
      "event_value_currency" : null,
      "event_bundle_sequence_id" : 111,
      "ingest_time_msec" : 1682340709403,
      "device_mobile_brand_name" : "Brand HUAWEI",
      "device_mobile_model_name" : "HUAWEI-P10",
      "device_manufacturer" : "Make HUAWEI",
      "device_carrier" : "CDMA",
      "device_network_type" : "Mobile",
      "device_operating_system" : "ANDROID",
      "device_operating_system_version" : "os-v1.0",
      "device_vendor_id" : "deviceid-1682319109447",
      "device_advertising_id" : "uf24bec657ea8eff7",
      "device_system_language" : "zh",
      "device_time_zone_offset_seconds" : 28800,
      "device_ua_browser" : null,
      "device_ua_browser_version" : null,
      "device_ua_os" : null,
      "device_ua_os_version" : null,
      "device_ua_device" : null,
      "device_ua_device_category" : null,
      "device_ua" : {
        "string" : "Apache-HttpClient/4.5.12 (Java/11.0.15)"
      },
      "device_screen_width" : 1080,
      "device_screen_height" : 2259,
      "device_viewport_width" : null,
      "device_viewport_height" : null,
      "geo_continent" : null,
      "geo_sub_continent" : null,
      "geo_country" : null,
      "geo_region" : null,
      "geo_metro" : null,
      "geo_city" : null,
      "geo_locale" : "zh_CN_#Hans",
      "traffic_source_source" : "google",
      "traffic_source_medium" : "cpc",
      "traffic_source_campaign" : "shopping",
      "traffic_source_content" : null,
      "traffic_source_term" : null,
      "traffic_source_campaign_id" : null,
      "traffic_source_clid_platform" : null,
      "traffic_source_clid" : null,
      "traffic_source_channel_group" : "Paid Search",
      "traffic_source_category" : "Search",
      "user_first_touch_time_msec" : 1667898867895,
      "app_package_id" : "com.example.demoapplication",
      "app_version" : "1.0",
      "app_title" : "test-title-98-0",
      "app_install_source" : null,
      "platform" : "ANDROID",
      "project_id" : "projectId1",
      "app_id" : "testApp1",
      "screen_view_screen_name" : null,
      "screen_view_screen_id" : null,
      "screen_view_screen_unique_id" : null,
      "screen_view_previous_screen_name" : null,
      "screen_view_previous_screen_id" : null,
      "screen_view_previous_screen_unique_id" : null,
      "screen_view_previous_time_msec" : null,
      "screen_view_engagement_time_msec" : null,
      "screen_view_entrances" : true,
      "page_view_page_referrer" : "https://www.google.com/referrer",
      "page_view_page_referrer_title" : null,
      "page_view_previous_time_msec" : 1667985566697,
      "page_view_engagement_time_msec" : 30000,
      "page_view_page_title" : "Example Title",
      "page_view_page_url" : "https://www.example.com",
      "page_view_page_url_path" : "",
      "page_view_page_url_query_parameters" : null,
      "page_view_hostname" : "host-name-001.com",
      "page_view_latest_referrer" : "https://www.google.com/latest-referrer",
      "page_view_latest_referrer_host" : "www.google.com",
      "page_view_entrances" : true,
      "app_start_is_first_time" : null,
      "upgrade_previous_app_version" : null,
      "upgrade_previous_os_version" : null,
      "search_key" : null,
      "search_term" : null,
      "outbound_link_classes" : null,
      "outbound_link_domain" : null,
      "outbound_link_id" : null,
      "outbound_link_url" : null,
      "outbound_link" : null,
      "user_engagement_time_msec" : null,
      "user_id" : "312121",
      "user_pseudo_id" : "83e45133-ddaf-4ac6-9844-fe457807715198",
      "session_id" : "see000201912dk-23u92-1df0020",
      "session_start_time_msec" : 1667985566697,
      "session_duration" : 690000,
      "session_number" : null,
      "scroll_engagement_time_msec" : null,
      "sdk_error_code" : null,
      "sdk_error_message" : null,
      "sdk_version" : "0.2.0",
      "sdk_name" : "aws-solution-clickstream-sdk",
      "app_exception_message" : null,
      "app_exception_stack" : null,
      "custom_parameters_json_str" : "{\"_device_advertising_id\":\"DAID001\",\"country_code\":\"CN\",\"_privacy_info_analytics_storage\":\"PIAAS\",\"hashCode\":\"80452b0\",\"os_name\":\"ANDROID OS\",\"_privacy_info_uses_transient_token\":\"PIUTT\",\"_device_vendor_id\":\"V001\",\"_privacy_info_ads_storage\":\"PIAS\",\"_is_first_day\":true,\"event_sequence_id\":2,\"_channel\":\"C001\"}",
      "custom_parameters" : {
        "_channel" : {
          "value" : "C001",
          "type" : "string"
        },
        "_device_advertising_id" : {
          "value" : "DAID001",
          "type" : "string"
        },
        "_device_vendor_id" : {
          "value" : "V001",
          "type" : "string"
        },
        "_is_first_day" : {
          "value" : "true",
          "type" : "boolean"
        },
        "_privacy_info_ads_storage" : {
          "value" : "PIAS",
          "type" : "string"
        },
        "_privacy_info_analytics_storage" : {
          "value" : "PIAAS",
          "type" : "string"
        },
        "_privacy_info_uses_transient_token" : {
          "value" : "PIUTT",
          "type" : "string"
        },
        "country_code" : {
          "value" : "CN",
          "type" : "string"
        },
        "event_sequence_id" : {
          "value" : "2",
          "type" : "number"
        },
        "hashCode" : {
          "value" : "80452b0",
          "type" : "string"
        },
        "os_name" : {
          "value" : "ANDROID OS",
          "type" : "string"
        }
      },
      "process_info" : {
        "event_timestamp_adjusted" : "true",
        "event_timestamp_adjusted_from" : "1682319109447",
        "event_timestamp_adjusted_reason" : "ingestTimestamp is 21600000 millis ahead of uploadTimestamp, isFutureEvent: false",
        "event_timestamp_adjusted_to" : "1682340709447",
        "ingest_time" : "2023-04-24T12:51:49.403Z",
        "input_file_name" : "_TEST_INPUT_FILE_NAME_",
        "rid" : "07157da84281bb7234ba6f8613df7d32",
        "source_ip" : "13.212.229.59",
        "upload_time" : "2023-04-24T06:51:49.403Z"
      },
      "ua" : "Apache-HttpClient/4.5.12 (Java/11.0.15)",
      "ip" : "13.212.229.59"
    } ],
    "user" : {
      "event_timestamp" : "2023-04-24 12:51:49",
      "user_pseudo_id" : "83e45133-ddaf-4ac6-9844-fe457807715198",
      "user_id" : "312121",
      "user_properties" : {
        "_user_age" : {
          "value" : "20",
          "type" : "number",
          "set_time_msec" : 1667877566697
        },
        "_user_first_touch_timestamp" : {
          "value" : "1667877267895",
          "type" : "number",
          "set_time_msec" : 1667877566697
        },
        "_user_id" : {
          "value" : "312121",
          "type" : "string",
          "set_time_msec" : 1667877566697
        },
        "_user_ltv_currency" : {
          "value" : "USD",
          "type" : "string",
          "set_time_msec" : 1667877566697
        },
        "_user_ltv_revenue" : {
          "value" : "123.45",
          "type" : "number",
          "set_time_msec" : 1667877566697
        },
        "_user_name" : {
          "value" : "example",
          "type" : "string",
          "set_time_msec" : 1667877566697
        }
      },
      "user_properties_json_str" : "{\"_user_ltv_revenue\":{\"set_time_msec\":1667877566697,\"value\":123.45},\"_user_first_touch_timestamp\":{\"set_time_msec\":1667877566697,\"value\":1667877267895},\"_user_ltv_currency\":{\"set_time_msec\":1667877566697,\"value\":\"USD\"},\"_user_id\":{\"set_time_msec\":1667877566697,\"value\":\"312121\"},\"_user_name\":{\"set_time_msec\":1667877566697,\"value\":\"example\"},\"_user_age\":{\"set_time_msec\":1667877566697,\"value\":20}}",
      "first_touch_time_msec" : 1667898867895,
      "first_visit_date" : "2022-11-08",
      "first_referrer" : "https://www.google.com/referrer",
      "first_traffic_source" : "google",
      "first_traffic_medium" : "cpc",
      "first_traffic_campaign" : "shopping",
      "first_traffic_content" : null,
      "first_traffic_term" : null,
      "first_traffic_campaign_id" : null,
      "first_traffic_clid_platform" : null,
      "first_traffic_clid" : null,
      "first_traffic_channel_group" : "Paid Search",
      "first_traffic_category" : "Search",
      "first_app_install_source" : null,
      "process_info" : null,
      "app_id" : "testApp1",
      "event_name" : "_page_view"
    },
    "items" : [ {
      "event_timestamp" : "2023-04-24 12:51:49",
      "event_id" : "1fcd7f5b-9529-4977-a303-e8c7e39db7b898_page_view",
      "event_name" : "_page_view",
      "platform" : "ANDROID",
      "user_pseudo_id" : "83e45133-ddaf-4ac6-9844-fe457807715198",
      "user_id" : "312121",
      "item_id" : "item_id1",
      "name" : "French Press1",
      "brand" : "Brand1",
      "currency" : "USD",
      "price" : 52.99,
      "quantity" : 42.0,
      "creative_name" : "Creative Name",
      "creative_slot" : "Creative Slot",
      "location_id" : "Location#001",
      "category" : "housewares",
      "category2" : "Category-2",
      "category3" : "Category-3",
      "category4" : "Category-4",
      "category5" : "Category-5",
      "custom_parameters_json_str" : null,
      "custom_parameters" : null,
      "process_info" : null,
      "app_id" : "testApp1"
    }, {
      "event_timestamp" : "2023-04-24 12:51:49",
      "event_id" : "1fcd7f5b-9529-4977-a303-e8c7e39db7b898_page_view",
      "event_name" : "_page_view",
      "platform" : "ANDROID",
      "user_pseudo_id" : "83e45133-ddaf-4ac6-9844-fe457807715198",
      "user_id" : "312121",
      "item_id" : "d3b237aekdme3l",
      "name" : "French Press",
      "brand" : null,
      "currency" : "USD",
      "price" : 52.99,
      "quantity" : null,
      "creative_name" : null,
      "creative_slot" : null,
      "location_id" : null,
      "category" : "housewares",
      "category2" : null,
      "category3" : null,
      "category4" : null,
      "category5" : null,
      "custom_parameters_json_str" : null,
      "custom_parameters" : null,
      "process_info" : null,
      "app_id" : "testApp1"
    }, {
      "event_timestamp" : "2023-04-24 12:51:49",
      "event_id" : "1fcd7f5b-9529-4977-a303-e8c7e39db7b898_page_view",
      "event_name" : "_page_view",
      "platform" : "ANDROID",
      "user_pseudo_id" : "83e45133-ddaf-4ac6-9844-fe457807715198",
      "user_id" : "312121",
      "item_id" : "item_id034394ldmf3",
      "name" : "French Press3",
      "brand" : "Brand-3",
      "currency" : "USD",
      "price" : 42.33,
      "quantity" : 19.0,
      "creative_name" : "Creative Name 3",
      "creative_slot" : "Creative Slot 3",
      "location_id" : "Location#003",
      "category" : "housewares3",
      "category2" : "Category-2 3",
      "category3" : "Category-3 3",
      "category4" : "Category-4 3",
      "category5" : "Category-5 3",
      "custom_parameters_json_str" : null,
      "custom_parameters" : null,
      "process_info" : null,
      "app_id" : "testApp1"
    } ]
  }
}