{
  "eventTimestamp" : 1682319109447,
  "eventId" : "1fcd7f5b-9529-4977-a303-e8c7e39db7b898",
  "eventTimeMsec" : 1682319109447,
  "eventName" : "Click3",
  "eventValue" : null,
  "eventValueCurrency" : null,
  "eventBundleSequenceId" : 111,
  "ingestTimeMsec" : null,
  "deviceMobileBrandName" : "Brand HUAWEI",
  "deviceMobileModelName" : "HUAWEI-P10",
  "deviceManufacturer" : "Make HUAWEI",
  "deviceCarrier" : "CDMA",
  "deviceNetworkType" : "Mobile",
  "deviceOperatingSystem" : null,
  "deviceOperatingSystemVersion" : "os-v1.0",
  "deviceVendorId" : "deviceid-1682319109447",
  "deviceAdvertisingId" : "uf24bec657ea8eff7",
  "deviceSystemLanguage" : "zh",
  "deviceTimeZoneOffsetSeconds" : 28800,
  "deviceUaBrowser" : null,
  "deviceUaBrowserVersion" : null,
  "deviceUaOs" : null,
  "deviceUaOsVersion" : null,
  "deviceUaDevice" : null,
  "deviceUaDeviceCategory" : null,
  "deviceUa" : {
    "string" : "Apache-HttpClient/4.5.12 (Java/11.0.15)"
  },
  "deviceScreenWidth" : 1080,
  "deviceScreenHeight" : 2259,
  "deviceViewportWidth" : null,
  "deviceViewportHeight" : null,
  "geoContinent" : null,
  "geoSubContinent" : null,
  "geoCountry" : null,
  "geoRegion" : null,
  "geoMetro" : null,
  "geoCity" : null,
  "geoLocale" : "zh_CN_#Hans",
  "trafficSourceSource" : "TSS",
  "trafficSourceMedium" : "TSM",
  "trafficSourceCampaign" : null,
  "trafficSourceContent" : null,
  "trafficSourceTerm" : null,
  "trafficSourceCampaignId" : null,
  "trafficSourceClidPlatform" : null,
  "trafficSourceClid" : null,
  "trafficSourceChannelGroup" : null,
  "trafficSourceCategory" : null,
  "userFirstTouchTimeMsec" : 1667877267895,
  "appPackageId" : "com.xiaowei.demoapplication",
  "appVersion" : "1.0",
  "appTitle" : "test-title-98-0",
  "appInstallSource" : "C001",
  "platform" : "ANDROID",
  "projectId" : "test_project_id",
  "appId" : "uba-app",
  "screenViewScreenName" : null,
  "screenViewScreenId" : null,
  "screenViewScreenUniqueId" : null,
  "screenViewPreviousScreenName" : null,
  "screenViewPreviousScreenId" : null,
  "screenViewPreviousScreenUniqueId" : null,
  "screenViewPreviousTimeMsec" : null,
  "screenViewEngagementTimeMsec" : null,
  "screenViewEntrances" : null,
  "pageViewPageReferrer" : null,
  "pageViewPageReferrerTitle" : null,
  "pageViewPreviousTimeMsec" : null,
  "pageViewEngagementTimeMsec" : null,
  "pageViewPageTitle" : null,
  "pageViewPageUrl" : null,
  "pageViewPageUrlPath" : null,
  "pageViewPageUrlQueryParameters" : null,
  "pageViewHostname" : null,
  "pageViewLatestReferrer" : null,
  "pageViewLatestReferrerHost" : null,
  "pageViewEntrances" : null,
  "appStartIsFirstTime" : null,
  "upgradePreviousAppVersion" : null,
  "upgradePreviousOsVersion" : null,
  "searchKey" : null,
  "searchTerm" : null,
  "outboundLinkClasses" : null,
  "outboundLinkDomain" : null,
  "outboundLinkId" : null,
  "outboundLinkUrl" : null,
  "outboundLink" : null,
  "userEngagementTimeMsec" : null,
  "userId" : "312121",
  "userPseudoId" : "83e45133-ddaf-4ac6-9844-fe457807715198",
  "sessionId" : "see000201912dk-23u92-1df0020",
  "sessionStartTimeMsec" : 1667963966697,
  "sessionDuration" : 690000,
  "sessionNumber" : null,
  "scrollEngagementTimeMsec" : null,
  "sdkErrorCode" : null,
  "sdkErrorMessage" : null,
  "sdkVersion" : "0.2.0",
  "sdkName" : "aws-solution-clickstream-sdk",
  "appExceptionMessage" : null,
  "appExceptionStack" : null,
  "customParameters" : {
    "_device_advertising_id" : {
      "value" : "DAID001",
      "type" : "string"
    },
    "_error_name_length_exceed" : {
      "value" : "",
      "type" : "string"
    },
    "_error_attribute_size_exceed" : {
      "value" : "",
      "type" : "string"
    },
    "_device_vendor_id" : {
      "value" : "V001",
      "type" : "string"
    },
    "_traffic_source_name" : {
      "value" : "TSN",
      "type" : "string"
    },
    "_error_value_length_exceed" : {
      "value" : "",
      "type" : "string"
    },
    "_error_name_invalid" : {
      "value" : "",
      "type" : "string"
    },
    "country_code" : {
      "value" : "CN",
      "type" : "string"
    },
    "_privacy_info_analytics_storage" : {
      "value" : "PIAAS",
      "type" : "string"
    },
    "hashCode" : {
      "value" : "80452b0",
      "type" : "string"
    },
    "_privacy_info_uses_transient_token" : {
      "value" : "PIUTT",
      "type" : "string"
    },
    "_privacy_info_ads_storage" : {
      "value" : "PIAS",
      "type" : "string"
    },
    "_is_first_day" : {
      "value" : "true",
      "type" : "boolean"
    },
    "event_sequence_id" : {
      "value" : "2",
      "type" : "number"
    }
  },
  "processInfo" : {
    "input_file_name" : "original_data.json",
    "ingest_time" : "2023-04-24T06:51:49.403Z",
    "rid" : "07157da84281bb7234ba6f8613df7d32",
    "source_ip" : "13.212.229.59"
  },
  "ua" : "Apache-HttpClient/4.5.12 (Java/11.0.15)",
  "ip" : "13.212.229.59"
}