{
  "app_id" : "uba-app",
  "event_date" : "2023-04-24",
  "event_timestamp" : 1682319109442,
  "user_id" : null,
  "user_pseudo_id" : "uu_p3121211_ts1",
  "user_first_touch_timestamp" : 1667877267895,
  "user_properties" : null,
  "user_ltv" : null,
  "_first_visit_date" : "2022-11-08",
  "_first_referer" : null,
  "_first_traffic_source_type" : "TSN1",
  "_first_traffic_medium" : "TSM1",
  "_first_traffic_source" : "TSS1",
  "device_id_list" : null,
  "_channel" : null
}