{
  "app_id" : "maxLenTestItemUser",
  "event_date" : "2023-04-24",
  "event_timestamp" : 1682319109447,
  "user_id" : "_user_id_user_id_user_id312121-312121312121312121312121312121312121312121312121312121312121312121312121312121312121312121312121312121-3121213121213121213121213121213121213121213121213121213121213121213121213121213121213121213121213121213121213121213121213",
  "user_pseudo_id" : "83e45133-ddaf-4ac6-9844-fe457807715198-83e45133-ddaf-4ac6-9844-fe457807715198-83e45133-ddaf-4ac6-9844-fe457807715198-83e45133-ddaf-4ac6-9844-fe457807715198-83e45133-ddaf-4ac6-9844-fe457807715198-83e45133-ddaf-4ac6-9844-fe457807715198-83e45133-ddaf-4ac6-98",
  "user_first_touch_timestamp" : 1667877267895,
  "user_properties" : [ {
    "key" : "_user_id",
    "value" : {
      "double_value" : null,
      "float_value" : null,
      "int_value" : null,
      "string_value" : "_user_id_user_id_user_id312121-312121312121312121312121312121312121312121312121312121312121312121312121312121312121312121312121312121-312121312121312121312121312121312121312121312121312121312121312121312121312121312121312121312121312121312121312121312121312121312121312121312121312121312121312121312121312121312121312121312121312121312121312121312121312121312121312121312121312121312121312121312121312121312121312121312121312121312121312121312121312121312121312121312121312121312121312121312121312121312121312121312121312121312121312121312121312121312121312121312121312121312121312121312121312121312121312121312121312121312121312121312121312121312121312121312121312121312121312121312121312121312121312121312121312121312121312121312121312121312121312121312121312121312121312121312121312121312121312121312121312121312121312121312121312121312121312121",
      "set_timestamp_micros" : 1667877566697000
    }
  }, {
    "key" : "_user_name",
    "value" : {
      "double_value" : null,
      "float_value" : null,
      "int_value" : null,
      "string_value" : "_user_name_user_name_user_name_user_name_user_name_user_name_user_name_user_name_user_nameexample",
      "set_timestamp_micros" : 1667877566697000
    }
  }, {
    "key" : "_user_age",
    "value" : {
      "double_value" : null,
      "float_value" : null,
      "int_value" : 20,
      "string_value" : null,
      "set_timestamp_micros" : 1667877566697000
    }
  }, {
    "key" : "_user_first_touch_timestamp",
    "value" : {
      "double_value" : null,
      "float_value" : null,
      "int_value" : 1667877267895,
      "string_value" : null,
      "set_timestamp_micros" : 1667877566697000
    }
  } ],
  "user_ltv" : {
    "revenue" : 123.45,
    "currency" : "USD"
  },
  "_first_visit_date" : "2022-11-08",
  "_first_referer" : null,
  "_first_traffic_source_type" : null,
  "_first_traffic_medium" : null,
  "_first_traffic_source" : null,
  "device_id_list" : null,
  "_channel" : null
}