{
  "app_id" : "maxLenTestItemUser",
  "event_date" : "2023-04-24",
  "event_timestamp" : 1682319109447,
  "id" : "d3b237aekdme3ld3b237aekdme3ld3b237aekdme3ld3b237aekdme3ld3b237aekdme3ld3b237aekdme3ld3b237aekdme3ld3b237aekdme3ld3b237aekdme3ld3b237aekdme3ld3b237aekdme3ld3b237aekdme3ld3b237aekdme3ld3b237aekdme3ld3b237aekdme3ld3b237aekdme3ld3b237aekdme3ld3b237aekdme3ld3b",
  "properties" : [ {
    "key" : "name",
    "value" : {
      "double_value" : null,
      "float_value" : null,
      "int_value" : null,
      "string_value" : "French Press"
    }
  }, {
    "key" : "category",
    "value" : {
      "double_value" : null,
      "float_value" : null,
      "int_value" : null,
      "string_value" : "housewares"
    }
  }, {
    "key" : "price",
    "value" : {
      "double_value" : 52.99,
      "float_value" : null,
      "int_value" : null,
      "string_value" : null
    }
  } ]
}