{
  "time" : 1689731540000,
  "distinct_id" : "x1234567",
  "anonymous_id" : null,
  "identities" : {
    "$identity_android_id" : "0f485d4daaadedae5f",
    "$identity_login_id" : "130xxxx1234"
  },
  "event" : "ViewProduct",
  "lib" : null,
  "properties" : {
    "$city" : "Xi'an",
    "$url" : null,
    "$title" : null,
    "$os" : null,
    "$os_version" : null,
    "$manufacturer" : null,
    "$model" : null,
    "$brand" : null,
    "$screen_width" : 320,
    "$screen_height" : 568,
    "$carrier" : null,
    "$timezone_offset" : 0,
    "$app_name" : "testApp",
    "$wifi" : true,
    "$network_type" : null,
    "$device_id" : null,
    "$event_duration" : 0,
    "$referrer" : null,
    "$referrer_title" : null,
    "$is_first_time" : true,
    "$user_id" : null,
    "$browser_language" : null,
    "item_price" : 1123.8,
    "$province" : "Shanxi",
    "product_id" : 12345,
    "product_classify" : "Iphone",
    "$app_id" : "testAppId",
    "$ip" : "180.79.35.65",
    "product_price" : 14,
    "$user_agent" : "Mozilla/5.0 (iPhone; CPU iPhone OS 10_3_2 like Mac OS X) AppleWebKit/602.1.50 (KHTML, like Gecko) CriOS/58.0.3029.113 Mobile/14F89 Safari/602.1",
    "product_name" : "Apple",
    "$is_login_id" : true,
    "$app_version" : "1.3"
  },
  "items" : null,
  "time_free" : true,
  "project" : "ebiz_test",
  "type" : "track"
}
